ERC report (2026-08-23T13:28:29, Encoding UTF8)
Report includes: Errors, Warnings, Exclusions

***** Sheet /
[lib_symbol_issues]: The current configuration does not include the symbol library 'Misc'
    ; warning
    @(33.02 mm, 50.80 mm): Symbol J1 [UJ20-C-H-G-SMT-1-P16-TR]
[footprint_link_issues]: The current configuration does not include the footprint library 'Misc'
    ; warning
    @(33.02 mm, 50.80 mm): Symbol J1 [UJ20-C-H-G-SMT-1-P16-TR]
[lib_symbol_issues]: The current configuration does not include the symbol library 'Device'
    ; warning
    @(34.29 mm, 172.72 mm): Symbol R8 [R]
[footprint_link_issues]: The current configuration does not include the footprint library 'Resistor_SMD'
    ; warning
    @(34.29 mm, 172.72 mm): Symbol R8 [R]
[lib_symbol_issues]: The current configuration does not include the symbol library 'Device'
    ; warning
    @(39.37 mm, 199.39 mm): Symbol R9 [R]
[footprint_link_issues]: The current configuration does not include the footprint library 'Resistor_SMD'
    ; warning
    @(39.37 mm, 199.39 mm): Symbol R9 [R]
[lib_symbol_issues]: The current configuration does not include the symbol library 'Transistor_FET'
    ; warning
    @(48.26 mm, 172.72 mm): Symbol Q3 [Q_NMOS_GSD]
[footprint_link_issues]: The current configuration does not include the footprint library 'Package_TO_SOT_SMD'
    ; warning
    @(48.26 mm, 172.72 mm): Symbol Q3 [Q_NMOS_GSD]
[lib_symbol_issues]: The current configuration does not include the symbol library 'power'
    ; warning
    @(50.80 mm, 25.40 mm): Symbol #PWR03 [VBUS]
[lib_symbol_issues]: The current configuration does not include the symbol library 'power'
    ; warning
    @(50.80 mm, 26.67 mm): Symbol #FLG01 [PWR_FLAG]
[footprint_link_issues]: The current configuration does not include the footprint library 'Package_DIP'
    ; warning
    @(50.80 mm, 26.67 mm): Symbol #FLG01 [PWR_FLAG]
[lib_symbol_issues]: The current configuration does not include the symbol library 'Transistor_FET'
    ; warning
    @(50.80 mm, 154.94 mm): Symbol Q2 [TP0610T]
[footprint_link_issues]: The current configuration does not include the footprint library 'Package_TO_SOT_SMD'
    ; warning
    @(50.80 mm, 154.94 mm): Symbol Q2 [TP0610T]
[lib_symbol_issues]: The current configuration does not include the symbol library 'power'
    ; warning
    @(50.80 mm, 180.34 mm): Symbol #PWR039 [GND]
[lib_symbol_issues]: The current configuration does not include the symbol library 'power'
    ; warning
    @(50.80 mm, 209.55 mm): Symbol #PWR040 [GND]
[lib_symbol_issues]: The current configuration does not include the symbol library 'Device'
    ; warning
    @(55.88 mm, 53.34 mm): Symbol R1 [R]
[footprint_link_issues]: The current configuration does not include the footprint library 'Resistor_SMD'
    ; warning
    @(55.88 mm, 53.34 mm): Symbol R1 [R]
[lib_symbol_issues]: The current configuration does not include the symbol library 'Device'
    ; warning
    @(57.15 mm, 165.10 mm): Symbol R7 [R]
[footprint_link_issues]: The current configuration does not include the footprint library 'Resistor_SMD'
    ; warning
    @(57.15 mm, 165.10 mm): Symbol R7 [R]
[lib_symbol_issues]: The current configuration does not include the symbol library 'Device'
    ; warning
    @(59.69 mm, 60.96 mm): Symbol R2 [R]
[footprint_link_issues]: The current configuration does not include the footprint library 'Resistor_SMD'
    ; warning
    @(59.69 mm, 60.96 mm): Symbol R2 [R]
[lib_symbol_issues]: The current configuration does not include the symbol library 'Transistor_FET'
    ; warning
    @(62.23 mm, 190.50 mm): Symbol Q4 [Q_NMOS_GSD]
[footprint_link_issues]: The current configuration does not include the footprint library 'Package_TO_SOT_SMD'
    ; warning
    @(62.23 mm, 190.50 mm): Symbol Q4 [Q_NMOS_GSD]
[lib_symbol_issues]: The current configuration does not include the symbol library 'power'
    ; warning
    @(64.77 mm, 148.59 mm): Symbol #PWR037 [+BATT]
[lib_symbol_issues]: The current configuration does not include the symbol library 'Power_Protection'
    ; warning
    @(66.04 mm, 38.10 mm): Symbol U4 [USBLC6-2SC6]
[footprint_link_issues]: The current configuration does not include the footprint library 'Package_TO_SOT_SMD'
    ; warning
    @(66.04 mm, 38.10 mm): Symbol U4 [USBLC6-2SC6]
[lib_symbol_issues]: The current configuration does not include the symbol library 'power'
    ; warning
    @(66.04 mm, 81.28 mm): Symbol #FLG02 [PWR_FLAG]
[lib_symbol_issues]: The current configuration does not include the symbol library 'power'
    ; warning
    @(66.04 mm, 83.82 mm): Symbol #PWR02 [GND]
[lib_symbol_issues]: The current configuration does not include the symbol library 'power'
    ; warning
    @(76.20 mm, 148.59 mm): Symbol #PWR042 [VBUS]
[lib_symbol_issues]: The current configuration does not include the symbol library 'Device'
    ; warning
    @(76.20 mm, 185.42 mm): Symbol R13 [R]
[footprint_link_issues]: The current configuration does not include the footprint library 'Resistor_SMD'
    ; warning
    @(76.20 mm, 185.42 mm): Symbol R13 [R]
[lib_symbol_issues]: The current configuration does not include the symbol library 'Device'
    ; warning
    @(90.17 mm, 38.10 mm): Symbol C14 [C]
[footprint_link_issues]: The current configuration does not include the footprint library 'Capacitor_SMD'
    ; warning
    @(90.17 mm, 38.10 mm): Symbol C14 [C]
[lib_symbol_issues]: The current configuration does not include the symbol library 'Device'
    ; warning
    @(102.87 mm, 181.61 mm): Symbol C7 [C]
[footprint_link_issues]: The current configuration does not include the footprint library 'Capacitor_SMD'
    ; warning
    @(102.87 mm, 181.61 mm): Symbol C7 [C]
[lib_symbol_issues]: The current configuration does not include the symbol library 'Device'
    ; warning
    @(110.49 mm, 173.99 mm): Symbol L2 [L]
[lib_symbol_issues]: The current configuration does not include the symbol library 'power'
    ; warning
    @(116.84 mm, 173.99 mm): Symbol #FLG04 [PWR_FLAG]
[lib_symbol_issues]: The current configuration does not include the symbol library 'Connector_Generic'
    ; warning
    @(130.81 mm, 50.80 mm): Symbol J3 [Conn_01x01]
[footprint_link_issues]: The current configuration does not include the footprint library 'Connector_Wire'
    ; warning
    @(130.81 mm, 50.80 mm): Symbol J3 [Conn_01x01]
[lib_symbol_issues]: The current configuration does not include the symbol library 'Connector_Generic'
    ; warning
    @(130.81 mm, 54.61 mm): Symbol J5 [Conn_01x01]
[footprint_link_issues]: The current configuration does not include the footprint library 'Connector_Wire'
    ; warning
    @(130.81 mm, 54.61 mm): Symbol J5 [Conn_01x01]
[lib_symbol_issues]: The current configuration does not include the symbol library 'Connector_Generic'
    ; warning
    @(130.81 mm, 58.42 mm): Symbol J6 [Conn_01x01]
[footprint_link_issues]: The current configuration does not include the footprint library 'Connector_Wire'
    ; warning
    @(130.81 mm, 58.42 mm): Symbol J6 [Conn_01x01]
[lib_symbol_issues]: The current configuration does not include the symbol library 'Connector_Generic'
    ; warning
    @(130.81 mm, 62.23 mm): Symbol J7 [Conn_01x01]
[footprint_link_issues]: The current configuration does not include the footprint library 'Connector_Wire'
    ; warning
    @(130.81 mm, 62.23 mm): Symbol J7 [Conn_01x01]
[lib_symbol_issues]: The current configuration does not include the symbol library 'Connector_Generic'
    ; warning
    @(130.81 mm, 66.04 mm): Symbol J8 [Conn_01x01]
[footprint_link_issues]: The current configuration does not include the footprint library 'Connector_Wire'
    ; warning
    @(130.81 mm, 66.04 mm): Symbol J8 [Conn_01x01]
[lib_symbol_issues]: The current configuration does not include the symbol library 'Connector_Generic'
    ; warning
    @(130.81 mm, 69.85 mm): Symbol J9 [Conn_01x01]
[footprint_link_issues]: The current configuration does not include the footprint library 'Connector_Wire'
    ; warning
    @(130.81 mm, 69.85 mm): Symbol J9 [Conn_01x01]
[lib_symbol_issues]: The current configuration does not include the symbol library 'Diode'
    ; warning
    @(133.35 mm, 156.21 mm): Symbol D2 [SB120]
[footprint_link_issues]: The current configuration does not include the footprint library 'Diode_SMD'
    ; warning
    @(133.35 mm, 156.21 mm): Symbol D2 [SB120]
[lib_symbol_issues]: The current configuration does not include the symbol library 'Regulator_Switching'
    ; warning
    @(133.35 mm, 176.53 mm): Symbol U3 [TPS613221ADBZ]
[footprint_link_issues]: The current configuration does not include the footprint library 'Package_TO_SOT_SMD'
    ; warning
    @(133.35 mm, 176.53 mm): Symbol U3 [TPS613221ADBZ]
[lib_symbol_issues]: The current configuration does not include the symbol library 'power'
    ; warning
    @(133.35 mm, 191.77 mm): Symbol #PWR045 [GND]
[lib_symbol_issues]: The current configuration does not include the symbol library 'Device'
    ; warning
    @(149.86 mm, 181.61 mm): Symbol C8 [C]
[footprint_link_issues]: The current configuration does not include the footprint library 'Capacitor_SMD'
    ; warning
    @(149.86 mm, 181.61 mm): Symbol C8 [C]
[lib_symbol_issues]: The current configuration does not include the symbol library 'power'
    ; warning
    @(153.67 mm, 146.05 mm): Symbol #PWR046 [+5V]
[lib_symbol_issues]: The current configuration does not include the symbol library 'power'
    ; warning
    @(219.71 mm, 168.91 mm): Symbol #PWR049 [VBUS]
[lib_symbol_issues]: The current configuration does not include the symbol library 'Diode'
    ; warning
    @(219.71 mm, 182.88 mm): Symbol D3 [SB120]
[footprint_link_issues]: The current configuration does not include the footprint library 'Diode_SMD'
    ; warning
    @(219.71 mm, 182.88 mm): Symbol D3 [SB120]
[lib_symbol_issues]: The current configuration does not include the symbol library 'power'
    ; warning
    @(227.33 mm, 168.91 mm): Symbol #PWR050 [+5V]
[lib_symbol_issues]: The current configuration does not include the symbol library 'Diode'
    ; warning
    @(227.33 mm, 182.88 mm): Symbol D4 [SB120]
[footprint_link_issues]: The current configuration does not include the footprint library 'Diode_SMD'
    ; warning
    @(227.33 mm, 182.88 mm): Symbol D4 [SB120]
[lib_symbol_issues]: The current configuration does not include the symbol library 'Device'
    ; warning
    @(245.11 mm, 194.31 mm): Symbol C9 [C]
[footprint_link_issues]: The current configuration does not include the footprint library 'Capacitor_SMD'
    ; warning
    @(245.11 mm, 194.31 mm): Symbol C9 [C]
[lib_symbol_issues]: The current configuration does not include the symbol library 'power'
    ; warning
    @(247.65 mm, 203.20 mm): Symbol #PWR051 [GND]
[lib_symbol_issues]: The current configuration does not include the symbol library 'power'
    ; warning
    @(250.19 mm, 168.91 mm): Symbol #PWR052 [+BATT]
[lib_symbol_issues]: The current configuration does not include the symbol library 'Connector_Generic'
    ; warning
    @(259.08 mm, 187.96 mm): Symbol J4 [Conn_01x03]
[footprint_link_issues]: The current configuration does not include the footprint library 'Connector_JST'
    ; warning
    @(259.08 mm, 187.96 mm): Symbol J4 [Conn_01x03]
[lib_symbol_issues]: The current configuration does not include the symbol library 'Simulation_SPICE'
    ; warning
    @(38.10 mm, 60.96 mm): Symbol V1 [VPULSE]
[lib_symbol_issues]: The current configuration does not include the symbol library 'power'
    ; warning
    @(38.10 mm, 68.58 mm): Symbol #PWR301 [GND]
[lib_symbol_issues]: The current configuration does not include the symbol library 'Device'
    ; warning
    @(41.91 mm, 55.88 mm): Symbol R310 [R]
[lib_symbol_issues]: The current configuration does not include the symbol library 'Simulation_SPICE'
    ; warning
    @(76.20 mm, 60.96 mm): Symbol V2 [VDC]
[lib_symbol_issues]: The current configuration does not include the symbol library 'power'
    ; warning
    @(76.20 mm, 68.58 mm): Symbol #PWR302 [GND]
[lib_symbol_issues]: The current configuration does not include the symbol library 'Device'
    ; warning
    @(80.01 mm, 55.88 mm): Symbol R300 [R]
[lib_symbol_issues]: The current configuration does not include the symbol library 'Simulation_SPICE'
    ; warning
    @(114.30 mm, 60.96 mm): Symbol V3 [VPULSE]
[lib_symbol_issues]: The current configuration does not include the symbol library 'power'
    ; warning
    @(114.30 mm, 68.58 mm): Symbol #PWR303 [GND]
[lib_symbol_issues]: The current configuration does not include the symbol library 'Simulation_SPICE'
    ; warning
    @(152.40 mm, 93.98 mm): Symbol I3 [IPULSE]
[lib_symbol_issues]: The current configuration does not include the symbol library 'power'
    ; warning
    @(152.40 mm, 101.60 mm): Symbol #PWR309 [GND]
[lib_symbol_issues]: The current configuration does not include the symbol library 'Simulation_SPICE'
    ; warning
    @(190.50 mm, 60.96 mm): Symbol I1 [IPULSE]
[lib_symbol_issues]: The current configuration does not include the symbol library 'power'
    ; warning
    @(190.50 mm, 68.58 mm): Symbol #PWR305 [GND]
[lib_symbol_issues]: The current configuration does not include the symbol library 'Simulation_SPICE'
    ; warning
    @(190.50 mm, 93.98 mm): Symbol I2 [IPULSE]
[lib_symbol_issues]: The current configuration does not include the symbol library 'power'
    ; warning
    @(190.50 mm, 101.60 mm): Symbol #PWR308 [GND]
[lib_symbol_issues]: The current configuration does not include the symbol library 'Device'
    ; warning
    @(228.60 mm, 55.88 mm): Symbol R301 [R]
[lib_symbol_issues]: The current configuration does not include the symbol library 'Device'
    ; warning
    @(228.60 mm, 88.90 mm): Symbol R302 [R]
[lib_symbol_issues]: The current configuration does not include the symbol library 'power'
    ; warning
    @(236.22 mm, 60.96 mm): Symbol #PWR306 [GND]
[lib_symbol_issues]: The current configuration does not include the symbol library 'power'
    ; warning
    @(236.22 mm, 93.98 mm): Symbol #PWR307 [GND]
[lib_symbol_issues]: The current configuration does not include the symbol library 'Device'
    ; warning
    @(24.13 mm, 149.86 mm): Symbol C3 [C]
[footprint_link_issues]: The current configuration does not include the footprint library 'Capacitor_SMD'
    ; warning
    @(24.13 mm, 149.86 mm): Symbol C3 [C]
[lib_symbol_issues]: The current configuration does not include the symbol library 'Device'
    ; warning
    @(34.29 mm, 149.86 mm): Symbol C4 [C]
[footprint_link_issues]: The current configuration does not include the footprint library 'Capacitor_SMD'
    ; warning
    @(34.29 mm, 149.86 mm): Symbol C4 [C]
[lib_symbol_issues]: The current configuration does not include the symbol library 'Connector_Generic'
    ; warning
    @(35.56 mm, 43.18 mm): Symbol J2 [Conn_01x02]
[footprint_link_issues]: The current configuration does not include the footprint library 'Connector_JST'
    ; warning
    @(35.56 mm, 43.18 mm): Symbol J2 [Conn_01x02]
[lib_symbol_issues]: The current configuration does not include the symbol library 'Device'
    ; warning
    @(35.56 mm, 97.79 mm): Symbol R3 [R]
[footprint_link_issues]: The current configuration does not include the footprint library 'Resistor_SMD'
    ; warning
    @(35.56 mm, 97.79 mm): Symbol R3 [R]
[lib_symbol_issues]: The current configuration does not include the symbol library 'power'
    ; warning
    @(43.18 mm, 132.08 mm): Symbol #FLG05 [PWR_FLAG]
[lib_symbol_issues]: The current configuration does not include the symbol library 'Connector_Generic'
    ; warning
    @(48.26 mm, 201.93 mm): Symbol J11 [Conn_01x01]
[footprint_link_issues]: The current configuration does not include the footprint library 'Connector_Wire'
    ; warning
    @(48.26 mm, 201.93 mm): Symbol J11 [Conn_01x01]
[lib_symbol_issues]: The current configuration does not include the symbol library 'Connector_Generic'
    ; warning
    @(48.26 mm, 205.74 mm): Symbol J12 [Conn_01x01]
[footprint_link_issues]: The current configuration does not include the footprint library 'Connector_Wire'
    ; warning
    @(48.26 mm, 205.74 mm): Symbol J12 [Conn_01x01]
[lib_symbol_issues]: The current configuration does not include the symbol library 'Connector_Generic'
    ; warning
    @(48.26 mm, 209.55 mm): Symbol J13 [Conn_01x01]
[footprint_link_issues]: The current configuration does not include the footprint library 'Connector_Wire'
    ; warning
    @(48.26 mm, 209.55 mm): Symbol J13 [Conn_01x01]
[lib_symbol_issues]: The current configuration does not include the symbol library 'Connector_Generic'
    ; warning
    @(48.26 mm, 213.36 mm): Symbol J25 [Conn_01x01]
[footprint_link_issues]: The current configuration does not include the footprint library 'Connector_Wire'
    ; warning
    @(48.26 mm, 213.36 mm): Symbol J25 [Conn_01x01]
[lib_symbol_issues]: The current configuration does not include the symbol library 'Connector_Generic'
    ; warning
    @(48.26 mm, 217.17 mm): Symbol J26 [Conn_01x01]
[footprint_link_issues]: The current configuration does not include the footprint library 'Connector_Wire'
    ; warning
    @(48.26 mm, 217.17 mm): Symbol J26 [Conn_01x01]
[lib_symbol_issues]: The current configuration does not include the symbol library 'Connector_Generic'
    ; warning
    @(48.26 mm, 220.98 mm): Symbol J27 [Conn_01x01]
[footprint_link_issues]: The current configuration does not include the footprint library 'Connector_Wire'
    ; warning
    @(48.26 mm, 220.98 mm): Symbol J27 [Conn_01x01]
[lib_symbol_issues]: The current configuration does not include the symbol library 'Device'
    ; warning
    @(49.53 mm, 152.40 mm): Symbol L1 [L]
[lib_symbol_issues]: The current configuration does not include the symbol library 'power'
    ; warning
    @(50.80 mm, 68.58 mm): Symbol #PWR012 [VBUS]
[lib_symbol_issues]: The current configuration does not include the symbol library 'Battery_Management'
    ; warning
    @(50.80 mm, 86.36 mm): Symbol U1 [MCP73831-2-OT]
[footprint_link_issues]: The current configuration does not include the footprint library 'Package_TO_SOT_SMD'
    ; warning
    @(50.80 mm, 86.36 mm): Symbol U1 [MCP73831-2-OT]
[lib_symbol_issues]: The current configuration does not include the symbol library 'power'
    ; warning
    @(52.07 mm, 40.64 mm): Symbol #PWR06 [+BATT]
[lib_symbol_issues]: The current configuration does not include the symbol library 'power'
    ; warning
    @(52.07 mm, 43.18 mm): Symbol #PWR07 [GND]
[lib_symbol_issues]: The current configuration does not include the symbol library 'power'
    ; warning
    @(53.34 mm, 106.68 mm): Symbol #PWR013 [GND]
[lib_symbol_issues]: The current configuration does not include the symbol library 'power'
    ; warning
    @(64.77 mm, 68.58 mm): Symbol #PWR014 [+BATT]
[lib_symbol_issues]: The current configuration does not include the symbol library 'Regulator_Switching'
    ; warning
    @(64.77 mm, 147.32 mm): Symbol U2 [TPS63030DSK]
[footprint_link_issues]: The current configuration does not include the footprint library 'Package_SON'
    ; warning
    @(64.77 mm, 147.32 mm): Symbol U2 [TPS63030DSK]
[lib_symbol_issues]: The current configuration does not include the symbol library 'power'
    ; warning
    @(67.31 mm, 172.72 mm): Symbol #PWR028 [GND]
[lib_symbol_issues]: The current configuration does not include the symbol library 'Device'
    ; warning
    @(69.85 mm, 88.90 mm): Symbol R11 [R]
[footprint_link_issues]: The current configuration does not include the footprint library 'Resistor_SMD'
    ; warning
    @(69.85 mm, 88.90 mm): Symbol R11 [R]
[lib_symbol_issues]: The current configuration does not include the symbol library 'power'
    ; warning
    @(77.47 mm, 243.84 mm): Symbol #PWR027 [VBUS]
[lib_symbol_issues]: The current configuration does not include the symbol library 'power'
    ; warning
    @(78.74 mm, 59.69 mm): Symbol #PWR018 [VBUS]
[lib_symbol_issues]: The current configuration does not include the symbol library 'Device'
    ; warning
    @(78.74 mm, 64.77 mm): Symbol C1 [C]
[footprint_link_issues]: The current configuration does not include the footprint library 'Capacitor_SMD'
    ; warning
    @(78.74 mm, 64.77 mm): Symbol C1 [C]
[lib_symbol_issues]: The current configuration does not include the symbol library 'power'
    ; warning
    @(78.74 mm, 71.12 mm): Symbol #PWR019 [GND]
[lib_symbol_issues]: The current configuration does not include the symbol library 'Device'
    ; warning
    @(78.74 mm, 97.79 mm): Symbol R12 [R]
[footprint_link_issues]: The current configuration does not include the footprint library 'Resistor_SMD'
    ; warning
    @(78.74 mm, 97.79 mm): Symbol R12 [R]
[lib_symbol_issues]: The current configuration does not include the symbol library 'Device'
    ; warning
    @(78.74 mm, 157.48 mm): Symbol C5 [C]
[footprint_link_issues]: The current configuration does not include the footprint library 'Capacitor_SMD'
    ; warning
    @(78.74 mm, 157.48 mm): Symbol C5 [C]
[lib_symbol_issues]: The current configuration does not include the symbol library 'power'
    ; warning
    @(83.82 mm, 129.54 mm): Symbol #PWR030 [+3V3]
[lib_symbol_issues]: The current configuration does not include the symbol library 'Connector_Generic'
    ; warning
    @(87.63 mm, 199.39 mm): Symbol J14 [Conn_01x01]
[footprint_link_issues]: The current configuration does not include the footprint library 'Connector_Wire'
    ; warning
    @(87.63 mm, 199.39 mm): Symbol J14 [Conn_01x01]
[lib_symbol_issues]: The current configuration does not include the symbol library 'Connector_Generic'
    ; warning
    @(87.63 mm, 203.20 mm): Symbol J15 [Conn_01x01]
[footprint_link_issues]: The current configuration does not include the footprint library 'Connector_Wire'
    ; warning
    @(87.63 mm, 203.20 mm): Symbol J15 [Conn_01x01]
[lib_symbol_issues]: The current configuration does not include the symbol library 'Connector_Generic'
    ; warning
    @(87.63 mm, 210.82 mm): Symbol J17 [Conn_01x01]
[footprint_link_issues]: The current configuration does not include the footprint library 'Connector_Wire'
    ; warning
    @(87.63 mm, 210.82 mm): Symbol J17 [Conn_01x01]
[lib_symbol_issues]: The current configuration does not include the symbol library 'Connector_Generic'
    ; warning
    @(87.63 mm, 214.63 mm): Symbol J18 [Conn_01x01]
[footprint_link_issues]: The current configuration does not include the footprint library 'Connector_Wire'
    ; warning
    @(87.63 mm, 214.63 mm): Symbol J18 [Conn_01x01]
[lib_symbol_issues]: The current configuration does not include the symbol library 'Connector_Generic'
    ; warning
    @(87.63 mm, 218.44 mm): Symbol J19 [Conn_01x01]
[footprint_link_issues]: The current configuration does not include the footprint library 'Connector_Wire'
    ; warning
    @(87.63 mm, 218.44 mm): Symbol J19 [Conn_01x01]
[lib_symbol_issues]: The current configuration does not include the symbol library 'Connector_Generic'
    ; warning
    @(87.63 mm, 222.25 mm): Symbol J23 [Conn_01x01]
[footprint_link_issues]: The current configuration does not include the footprint library 'Connector_Wire'
    ; warning
    @(87.63 mm, 222.25 mm): Symbol J23 [Conn_01x01]
[lib_symbol_issues]: The current configuration does not include the symbol library 'Connector_Generic'
    ; warning
    @(87.63 mm, 226.06 mm): Symbol J24 [Conn_01x01]
[footprint_link_issues]: The current configuration does not include the footprint library 'Connector_Wire'
    ; warning
    @(87.63 mm, 226.06 mm): Symbol J24 [Conn_01x01]
[lib_symbol_issues]: The current configuration does not include the symbol library 'power'
    ; warning
    @(87.63 mm, 243.84 mm): Symbol #PWR015 [+BATT]
[lib_symbol_issues]: The current configuration does not include the symbol library 'Device'
    ; warning
    @(88.90 mm, 157.48 mm): Symbol C6 [C]
[footprint_link_issues]: The current configuration does not include the footprint library 'Capacitor_SMD'
    ; warning
    @(88.90 mm, 157.48 mm): Symbol C6 [C]
[lib_symbol_issues]: The current configuration does not include the symbol library 'power'
    ; warning
    @(91.44 mm, 59.69 mm): Symbol #PWR020 [+BATT]
[lib_symbol_issues]: The current configuration does not include the symbol library 'Device'
    ; warning
    @(91.44 mm, 64.77 mm): Symbol C2 [C]
[footprint_link_issues]: The current configuration does not include the footprint library 'Capacitor_SMD'
    ; warning
    @(91.44 mm, 64.77 mm): Symbol C2 [C]
[lib_symbol_issues]: The current configuration does not include the symbol library 'power'
    ; warning
    @(91.44 mm, 71.12 mm): Symbol #PWR021 [GND]
[lib_symbol_issues]: The current configuration does not include the symbol library 'power'
    ; warning
    @(116.84 mm, 29.21 mm): Symbol #PWR025 [VBUS]
[lib_symbol_issues]: The current configuration does not include the symbol library 'Device'
    ; warning
    @(116.84 mm, 45.72 mm): Symbol R5 [R]
[footprint_link_issues]: The current configuration does not include the footprint library 'Resistor_SMD'
    ; warning
    @(116.84 mm, 45.72 mm): Symbol R5 [R]
[lib_symbol_issues]: The current configuration does not include the symbol library 'Device'
    ; warning
    @(116.84 mm, 60.96 mm): Symbol R6 [R]
[footprint_link_issues]: The current configuration does not include the footprint library 'Resistor_SMD'
    ; warning
    @(116.84 mm, 60.96 mm): Symbol R6 [R]
[lib_symbol_issues]: The current configuration does not include the symbol library 'power'
    ; warning
    @(116.84 mm, 68.58 mm): Symbol #PWR026 [GND]
[lib_symbol_issues]: The current configuration does not include the symbol library 'Diode'
    ; warning
    @(132.08 mm, 36.83 mm): Symbol D1 [SB120]
[footprint_link_issues]: The current configuration does not include the footprint library 'Diode_SMD'
    ; warning
    @(132.08 mm, 36.83 mm): Symbol D1 [SB120]
[lib_symbol_issues]: The current configuration does not include the symbol library 'Transistor_FET'
    ; warning
    @(135.89 mm, 52.07 mm): Symbol Q1 [TP0610T]
[footprint_link_issues]: The current configuration does not include the footprint library 'Package_TO_SOT_SMD'
    ; warning
    @(135.89 mm, 52.07 mm): Symbol Q1 [TP0610T]
[lib_symbol_issues]: The current configuration does not include the symbol library 'power'
    ; warning
    @(138.43 mm, 66.04 mm): Symbol #PWR024 [+BATT]
[lib_symbol_issues]: The current configuration does not include the symbol library 'power'
    ; warning
    @(166.37 mm, 115.57 mm): Symbol #PWR114 [+BATT]
[lib_symbol_issues]: The current configuration does not include the symbol library 'Device'
    ; warning
    @(166.37 mm, 123.19 mm): Symbol R30 [R]
[footprint_link_issues]: The current configuration does not include the footprint library 'Resistor_SMD'
    ; warning
    @(166.37 mm, 123.19 mm): Symbol R30 [R]
[lib_symbol_issues]: The current configuration does not include the symbol library 'Device'
    ; warning
    @(166.37 mm, 146.05 mm): Symbol R31 [R]
[footprint_link_issues]: The current configuration does not include the footprint library 'Resistor_SMD'
    ; warning
    @(166.37 mm, 146.05 mm): Symbol R31 [R]
[lib_symbol_issues]: The current configuration does not include the symbol library 'power'
    ; warning
    @(166.37 mm, 156.21 mm): Symbol #PWR115 [GND]
[lib_symbol_issues]: The current configuration does not include the symbol library 'Device'
    ; warning
    @(181.61 mm, 146.05 mm): Symbol C20 [C]
[footprint_link_issues]: The current configuration does not include the footprint library 'Capacitor_SMD'
    ; warning
    @(181.61 mm, 146.05 mm): Symbol C20 [C]
[lib_symbol_issues]: The current configuration does not include the symbol library 'power'
    ; warning
    @(181.61 mm, 156.21 mm): Symbol #PWR116 [GND]
[lib_symbol_issues]: The current configuration does not include the symbol library 'power'
    ; warning
    @(203.20 mm, 210.82 mm): Symbol #PWR121 [GND]
[lib_symbol_issues]: The current configuration does not include the symbol library 'power'
    ; warning
    @(203.20 mm, 238.76 mm): Symbol #PWR122 [GND]
[lib_symbol_issues]: The current configuration does not include the symbol library 'power'
    ; warning
    @(209.55 mm, 115.57 mm): Symbol #PWR117 [VBUS]
[lib_symbol_issues]: The current configuration does not include the symbol library 'Device'
    ; warning
    @(209.55 mm, 123.19 mm): Symbol R32 [R]
[footprint_link_issues]: The current configuration does not include the footprint library 'Resistor_SMD'
    ; warning
    @(209.55 mm, 123.19 mm): Symbol R32 [R]
[lib_symbol_issues]: The current configuration does not include the symbol library 'Device'
    ; warning
    @(209.55 mm, 146.05 mm): Symbol R33 [R]
[footprint_link_issues]: The current configuration does not include the footprint library 'Resistor_SMD'
    ; warning
    @(209.55 mm, 146.05 mm): Symbol R33 [R]
[lib_symbol_issues]: The current configuration does not include the symbol library 'power'
    ; warning
    @(209.55 mm, 156.21 mm): Symbol #PWR118 [GND]
[lib_symbol_issues]: The current configuration does not include the symbol library 'Device'
    ; warning
    @(218.44 mm, 205.74 mm): Symbol R40 [R]
[footprint_link_issues]: The current configuration does not include the footprint library 'Resistor_SMD'
    ; warning
    @(218.44 mm, 205.74 mm): Symbol R40 [R]
[lib_symbol_issues]: The current configuration does not include the symbol library 'Device'
    ; warning
    @(218.44 mm, 210.82 mm): Symbol R41 [R]
[footprint_link_issues]: The current configuration does not include the footprint library 'Resistor_SMD'
    ; warning
    @(218.44 mm, 210.82 mm): Symbol R41 [R]
[lib_symbol_issues]: The current configuration does not include the symbol library 'Device'
    ; warning
    @(218.44 mm, 233.68 mm): Symbol R42 [R]
[footprint_link_issues]: The current configuration does not include the footprint library 'Resistor_SMD'
    ; warning
    @(218.44 mm, 233.68 mm): Symbol R42 [R]
[lib_symbol_issues]: The current configuration does not include the symbol library 'Device'
    ; warning
    @(218.44 mm, 238.76 mm): Symbol R43 [R]
[footprint_link_issues]: The current configuration does not include the footprint library 'Resistor_SMD'
    ; warning
    @(218.44 mm, 238.76 mm): Symbol R43 [R]
[lib_symbol_issues]: The current configuration does not include the symbol library 'Device'
    ; warning
    @(224.79 mm, 43.18 mm): Symbol R20 [R]
[footprint_link_issues]: The current configuration does not include the footprint library 'Resistor_SMD'
    ; warning
    @(224.79 mm, 43.18 mm): Symbol R20 [R]
[lib_symbol_issues]: The current configuration does not include the symbol library 'Switch'
    ; warning
    @(224.79 mm, 66.04 mm): Symbol SW1 [SW_Push]
[lib_symbol_issues]: The current configuration does not include the symbol library 'power'
    ; warning
    @(224.79 mm, 73.66 mm): Symbol #PWR108 [GND]
[lib_symbol_issues]: The current configuration does not include the symbol library 'power'
    ; warning
    @(236.22 mm, 64.77 mm): Symbol #PWR109 [+3V3]
[lib_symbol_issues]: The current configuration does not include the symbol library 'Device'
    ; warning
    @(236.22 mm, 71.12 mm): Symbol R21 [R]
[footprint_link_issues]: The current configuration does not include the footprint library 'Resistor_SMD'
    ; warning
    @(236.22 mm, 71.12 mm): Symbol R21 [R]
[lib_symbol_issues]: The current configuration does not include the symbol library 'Switch'
    ; warning
    @(236.22 mm, 88.90 mm): Symbol SW2 [SW_Push]
[lib_symbol_issues]: The current configuration does not include the symbol library 'power'
    ; warning
    @(236.22 mm, 93.98 mm): Symbol #PWR0110 [GND]
[lib_symbol_issues]: The current configuration does not include the symbol library 'Device'
    ; warning
    @(247.65 mm, 123.19 mm): Symbol R34 [R]
[footprint_link_issues]: The current configuration does not include the footprint library 'Resistor_SMD'
    ; warning
    @(247.65 mm, 123.19 mm): Symbol R34 [R]
[lib_symbol_issues]: The current configuration does not include the symbol library 'Device'
    ; warning
    @(247.65 mm, 146.05 mm): Symbol RT1 [Thermistor_NTC]
[footprint_link_issues]: The current configuration does not include the footprint library 'Connector_PinSocket_2.54mm'
    ; warning
    @(247.65 mm, 146.05 mm): Symbol RT1 [Thermistor_NTC]
[lib_symbol_issues]: The current configuration does not include the symbol library 'power'
    ; warning
    @(247.65 mm, 156.21 mm): Symbol #PWR119 [GND]
[lib_symbol_issues]: The current configuration does not include the symbol library 'Device'
    ; warning
    @(248.92 mm, 33.02 mm): Symbol C10 [C]
[footprint_link_issues]: The current configuration does not include the footprint library 'Capacitor_SMD'
    ; warning
    @(248.92 mm, 33.02 mm): Symbol C10 [C]
[lib_symbol_issues]: The current configuration does not include the symbol library 'power'
    ; warning
    @(248.92 mm, 39.37 mm): Symbol #PWR0104 [GND]
[lib_symbol_issues]: The current configuration does not include the symbol library 'power'
    ; warning
    @(255.27 mm, 20.32 mm): Symbol #PWR105 [+3V3]
[lib_symbol_issues]: The current configuration does not include the symbol library 'Device'
    ; warning
    @(260.35 mm, 33.02 mm): Symbol C11 [C]
[footprint_link_issues]: The current configuration does not include the footprint library 'Capacitor_SMD'
    ; warning
    @(260.35 mm, 33.02 mm): Symbol C11 [C]
[lib_symbol_issues]: The current configuration does not include the symbol library 'power'
    ; warning
    @(260.35 mm, 39.37 mm): Symbol #PWR0106 [GND]
[lib_symbol_issues]: The current configuration does not include the symbol library 'Device'
    ; warning
    @(262.89 mm, 146.05 mm): Symbol C21 [C]
[footprint_link_issues]: The current configuration does not include the footprint library 'Capacitor_SMD'
    ; warning
    @(262.89 mm, 146.05 mm): Symbol C21 [C]
[lib_symbol_issues]: The current configuration does not include the symbol library 'power'
    ; warning
    @(262.89 mm, 156.21 mm): Symbol #PWR120 [GND]
[lib_symbol_issues]: The current configuration does not include the symbol library 'RF_Module'
    ; warning
    @(283.21 mm, 71.12 mm): Symbol U10 [ESP32-C6-MINI-1]
[footprint_link_issues]: The current configuration does not include the footprint library 'RF_Module'
    ; warning
    @(283.21 mm, 71.12 mm): Symbol U10 [ESP32-C6-MINI-1]
[lib_symbol_issues]: The current configuration does not include the symbol library 'power'
    ; warning
    @(283.21 mm, 104.14 mm): Symbol #PWR102 [GND]
[lib_symbol_issues]: The current configuration does not include the symbol library 'Device'
    ; warning
    @(289.56 mm, 198.12 mm): Symbol R50 [R]
[footprint_link_issues]: The current configuration does not include the footprint library 'Resistor_SMD'
    ; warning
    @(289.56 mm, 198.12 mm): Symbol R50 [R]
[lib_symbol_issues]: The current configuration does not include the symbol library 'Device'
    ; warning
    @(289.56 mm, 219.71 mm): Symbol R51 [R]
[footprint_link_issues]: The current configuration does not include the footprint library 'Resistor_SMD'
    ; warning
    @(289.56 mm, 219.71 mm): Symbol R51 [R]
[lib_symbol_issues]: The current configuration does not include the symbol library 'power'
    ; warning
    @(298.45 mm, 231.14 mm): Symbol #PWR125 [GND]
[lib_symbol_issues]: The current configuration does not include the symbol library 'Device'
    ; warning
    @(304.80 mm, 148.59 mm): Symbol C30 [C]
[footprint_link_issues]: The current configuration does not include the footprint library 'Capacitor_SMD'
    ; warning
    @(304.80 mm, 148.59 mm): Symbol C30 [C]
[lib_symbol_issues]: The current configuration does not include the symbol library 'Device'
    ; warning
    @(304.80 mm, 156.21 mm): Symbol C31 [C]
[footprint_link_issues]: The current configuration does not include the footprint library 'Capacitor_SMD'
    ; warning
    @(304.80 mm, 156.21 mm): Symbol C31 [C]
[lib_symbol_issues]: The current configuration does not include the symbol library 'Device'
    ; warning
    @(304.80 mm, 163.83 mm): Symbol C32 [C]
[footprint_link_issues]: The current configuration does not include the footprint library 'Capacitor_SMD'
    ; warning
    @(304.80 mm, 163.83 mm): Symbol C32 [C]
[lib_symbol_issues]: The current configuration does not include the symbol library 'Device'
    ; warning
    @(309.88 mm, 220.98 mm): Symbol C33 [C]
[footprint_link_issues]: The current configuration does not include the footprint library 'Capacitor_SMD'
    ; warning
    @(309.88 mm, 220.98 mm): Symbol C33 [C]
[lib_symbol_issues]: The current configuration does not include the symbol library 'Device'
    ; warning
    @(320.04 mm, 193.04 mm): Symbol R52 [R]
[footprint_link_issues]: The current configuration does not include the footprint library 'Resistor_SMD'
    ; warning
    @(320.04 mm, 193.04 mm): Symbol R52 [R]
[lib_symbol_issues]: The current configuration does not include the symbol library 'power'
    ; warning
    @(320.04 mm, 203.20 mm): Symbol #PWR124 [GND]
[lib_symbol_issues]: The current configuration does not include the symbol library 'Device'
    ; warning
    @(332.74 mm, 58.42 mm): Symbol R22 [R]
[footprint_link_issues]: The current configuration does not include the footprint library 'Resistor_SMD'
    ; warning
    @(332.74 mm, 58.42 mm): Symbol R22 [R]
[lib_symbol_issues]: The current configuration does not include the symbol library 'Device'
    ; warning
    @(332.74 mm, 60.96 mm): Symbol R23 [R]
[footprint_link_issues]: The current configuration does not include the footprint library 'Resistor_SMD'
    ; warning
    @(332.74 mm, 60.96 mm): Symbol R23 [R]
[lib_symbol_issues]: The current configuration does not include the symbol library 'Transistor_FET'
    ; warning
    @(335.28 mm, 177.80 mm): Symbol Q10 [Q_NMOS_GSD]
[footprint_link_issues]: The current configuration does not include the footprint library 'Package_TO_SOT_SMD'
    ; warning
    @(335.28 mm, 177.80 mm): Symbol Q10 [Q_NMOS_GSD]
[lib_symbol_issues]: The current configuration does not include the symbol library 'power'
    ; warning
    @(337.82 mm, 189.23 mm): Symbol #PWR123 [GND]
[lib_symbol_issues]: The current configuration does not include the symbol library 'Device'
    ; warning
    @(361.95 mm, 71.12 mm): Symbol C13 [C]
[footprint_link_issues]: The current configuration does not include the footprint library 'Capacitor_SMD'
    ; warning
    @(361.95 mm, 71.12 mm): Symbol C13 [C]
[lib_symbol_issues]: The current configuration does not include the symbol library 'power'
    ; warning
    @(361.95 mm, 80.01 mm): Symbol #PWR112 [GND]
[lib_symbol_issues]: The current configuration does not include the symbol library 'Device'
    ; warning
    @(382.27 mm, 68.58 mm): Symbol C12 [C]
[footprint_link_issues]: The current configuration does not include the footprint library 'Capacitor_SMD'
    ; warning
    @(382.27 mm, 68.58 mm): Symbol C12 [C]
[lib_symbol_issues]: The current configuration does not include the symbol library 'power'
    ; warning
    @(382.27 mm, 77.47 mm): Symbol #PWR111 [GND]

***** Sheet /USB + Power/

***** Sheet /ESP32-C6 + Auxiliary/

***** Sheet /Simulation Harness/

 ** ERC messages: 244  Errors 0  Warnings 244

 ** Ignored checks:
    - Global label only appears once in the schematic
    - Four connection points are joined together
    - SPICE model issue
    - Assigned footprint doesn't match footprint filters
