ERC report (2026-08-20T15:51:53, Encoding UTF8)
Report includes: Errors, Warnings, Exclusions

***** Sheet /
[lib_symbol_issues]: The current configuration does not include the symbol library 'power'
    ; warning
    @(20.32 mm, 165.10 mm): Symbol #PWR038 [+BATT]
[lib_symbol_issues]: The current configuration does not include the symbol library 'power'
    ; warning
    @(27.94 mm, 81.28 mm): Symbol #PWR005 [GND]
[footprint_link_issues]: The current configuration does not include the footprint library 'Resistor_SMD'
    ; warning
    @(29.21 mm, 187.96 mm): Symbol R8 [R]
[lib_symbol_issues]: The current configuration does not include the symbol library 'Device'
    ; warning
    @(29.21 mm, 187.96 mm): Symbol R8 [R]
[footprint_link_issues]: The current configuration does not include the footprint library 'Resistor_SMD'
    ; warning
    @(30.48 mm, 165.10 mm): Symbol R7 [R]
[lib_symbol_issues]: The current configuration does not include the symbol library 'Device'
    ; warning
    @(30.48 mm, 165.10 mm): Symbol R7 [R]
[footprint_link_issues]: The current configuration does not include the footprint library 'Connector_USB'
    ; warning
    @(35.56 mm, 53.34 mm): Symbol J1 [USB_C_Receptacle_USB2.0_16P]
[lib_symbol_issues]: The current configuration does not include the symbol library 'Connector'
    ; warning
    @(35.56 mm, 53.34 mm): Symbol J1 [USB_C_Receptacle_USB2.0_16P]
[footprint_link_issues]: The current configuration does not include the footprint library 'Connector_JST'
    ; warning
    @(35.56 mm, 101.60 mm): Symbol J2 [Conn_01x02]
[lib_symbol_issues]: The current configuration does not include the symbol library 'Connector_Generic'
    ; warning
    @(35.56 mm, 101.60 mm): Symbol J2 [Conn_01x02]
[footprint_link_issues]: The current configuration does not include the footprint library 'Resistor_SMD'
    ; warning
    @(39.37 mm, 199.39 mm): Symbol R9 [R]
[lib_symbol_issues]: The current configuration does not include the symbol library 'Device'
    ; warning
    @(39.37 mm, 199.39 mm): Symbol R9 [R]
[lib_symbol_issues]: The current configuration does not include the symbol library 'power'
    ; warning
    @(39.37 mm, 209.55 mm): Symbol #PWR040 [GND]
[footprint_link_issues]: The current configuration does not include the footprint library 'Package_TO_SOT_SMD'
    ; warning
    @(48.26 mm, 172.72 mm): Symbol Q3 [Q_NMOS_GSD]
[lib_symbol_issues]: The current configuration does not include the symbol library 'Transistor_FET'
    ; warning
    @(48.26 mm, 172.72 mm): Symbol Q3 [Q_NMOS_GSD]
[lib_symbol_issues]: The current configuration does not include the symbol library 'power'
    ; warning
    @(50.80 mm, 101.60 mm): Symbol #PWR006 [+BATT]
[lib_symbol_issues]: The current configuration does not include the symbol library 'power'
    ; warning
    @(50.80 mm, 104.14 mm): Symbol #PWR007 [GND]
[footprint_link_issues]: The current configuration does not include the footprint library 'Package_TO_SOT_SMD'
    ; warning
    @(50.80 mm, 154.94 mm): Symbol Q2 [TP0610T]
[lib_symbol_issues]: The current configuration does not include the symbol library 'Transistor_FET'
    ; warning
    @(50.80 mm, 154.94 mm): Symbol Q2 [TP0610T]
[lib_symbol_issues]: The current configuration does not include the symbol library 'power'
    ; warning
    @(50.80 mm, 180.34 mm): Symbol #PWR039 [GND]
[lib_symbol_issues]: The current configuration does not include the symbol library 'power'
    ; warning
    @(55.88 mm, 38.10 mm): Symbol #PWR003 [VBUS]
[lib_symbol_issues]: The current configuration does not include the symbol library 'power'
    ; warning
    @(59.69 mm, 148.59 mm): Symbol #PWR037 [+BATT]
[lib_symbol_issues]: The current configuration does not include the symbol library 'power'
    ; warning
    @(62.23 mm, 165.10 mm): Symbol #PWR042 [VBUS]
[footprint_link_issues]: The current configuration does not include the footprint library 'Package_TO_SOT_SMD'
    ; warning
    @(62.23 mm, 190.50 mm): Symbol Q4 [Q_NMOS_GSD]
[lib_symbol_issues]: The current configuration does not include the symbol library 'Transistor_FET'
    ; warning
    @(62.23 mm, 190.50 mm): Symbol Q4 [Q_NMOS_GSD]
[footprint_link_issues]: The current configuration does not include the footprint library 'Resistor_SMD'
    ; warning
    @(64.77 mm, 43.18 mm): Symbol R1 [R]
[lib_symbol_issues]: The current configuration does not include the symbol library 'Device'
    ; warning
    @(64.77 mm, 43.18 mm): Symbol R1 [R]
[footprint_link_issues]: The current configuration does not include the footprint library 'Resistor_SMD'
    ; warning
    @(69.85 mm, 45.72 mm): Symbol R2 [R]
[lib_symbol_issues]: The current configuration does not include the symbol library 'Device'
    ; warning
    @(69.85 mm, 45.72 mm): Symbol R2 [R]
[footprint_link_issues]: The current configuration does not include the footprint library 'Resistor_SMD'
    ; warning
    @(69.85 mm, 185.42 mm): Symbol R13 [R]
[lib_symbol_issues]: The current configuration does not include the symbol library 'Device'
    ; warning
    @(69.85 mm, 185.42 mm): Symbol R13 [R]
[lib_symbol_issues]: The current configuration does not include the symbol library 'power'
    ; warning
    @(69.85 mm, 199.39 mm): Symbol #PWR041 [GND]
[lib_symbol_issues]: The current configuration does not include the symbol library 'power'
    ; warning
    @(76.20 mm, 45.72 mm): Symbol #PWR002 [GND]
[footprint_link_issues]: The current configuration does not include the footprint library 'Resistor_SMD'
    ; warning
    @(88.90 mm, 68.58 mm): Symbol R3 [R]
[lib_symbol_issues]: The current configuration does not include the symbol library 'Device'
    ; warning
    @(88.90 mm, 68.58 mm): Symbol R3 [R]
[lib_symbol_issues]: The current configuration does not include the symbol library 'power'
    ; warning
    @(88.90 mm, 78.74 mm): Symbol #PWR015 [GND]
[lib_symbol_issues]: The current configuration does not include the symbol library 'power'
    ; warning
    @(90.17 mm, 30.48 mm): Symbol #PWR008 [PWR_FLAG]
[lib_symbol_issues]: The current configuration does not include the symbol library 'power'
    ; warning
    @(90.17 mm, 31.75 mm): Symbol #PWR009 [VBUS]
[footprint_link_issues]: The current configuration does not include the footprint library 'Capacitor_SMD'
    ; warning
    @(93.98 mm, 212.09 mm): Symbol C7 [C]
[lib_symbol_issues]: The current configuration does not include the symbol library 'Device'
    ; warning
    @(93.98 mm, 212.09 mm): Symbol C7 [C]
[lib_symbol_issues]: The current configuration does not include the symbol library 'power'
    ; warning
    @(93.98 mm, 219.71 mm): Symbol #PWR044 [GND]
[lib_symbol_issues]: The current configuration does not include the symbol library 'power'
    ; warning
    @(96.52 mm, 30.48 mm): Symbol #PWR055 [PWR_FLAG]
[lib_symbol_issues]: The current configuration does not include the symbol library 'power'
    ; warning
    @(96.52 mm, 31.75 mm): Symbol #PWR01 [GND]
[lib_symbol_issues]: The current configuration does not include the symbol library 'power'
    ; warning
    @(109.22 mm, 39.37 mm): Symbol #PWR012 [VBUS]
[footprint_link_issues]: The current configuration does not include the footprint library 'Package_TO_SOT_SMD'
    ; warning
    @(109.22 mm, 57.15 mm): Symbol U1 [MCP73831-2-OT]
[lib_symbol_issues]: The current configuration does not include the symbol library 'Battery_Management'
    ; warning
    @(109.22 mm, 57.15 mm): Symbol U1 [MCP73831-2-OT]
[lib_symbol_issues]: The current configuration does not include the symbol library 'power'
    ; warning
    @(109.22 mm, 76.20 mm): Symbol #PWR013 [GND]
[footprint_link_issues]: The current configuration does not include the footprint library 'Inductor_SMD'
    ; warning
    @(110.49 mm, 173.99 mm): Symbol L2 [L]
[lib_symbol_issues]: The current configuration does not include the symbol library 'Device'
    ; warning
    @(110.49 mm, 173.99 mm): Symbol L2 [L]
[lib_symbol_issues]: The current configuration does not include the symbol library 'power'
    ; warning
    @(120.65 mm, 30.48 mm): Symbol #PWR018 [VBUS]
[footprint_link_issues]: The current configuration does not include the footprint library 'Capacitor_SMD'
    ; warning
    @(120.65 mm, 35.56 mm): Symbol C1 [C]
[lib_symbol_issues]: The current configuration does not include the symbol library 'Device'
    ; warning
    @(120.65 mm, 35.56 mm): Symbol C1 [C]
[lib_symbol_issues]: The current configuration does not include the symbol library 'power'
    ; warning
    @(120.65 mm, 41.91 mm): Symbol #PWR019 [GND]
[lib_symbol_issues]: The current configuration does not include the symbol library 'power'
    ; warning
    @(120.65 mm, 166.37 mm): Symbol #PWR043 [PWR_FLAG]
[lib_symbol_issues]: The current configuration does not include the symbol library 'power'
    ; warning
    @(123.19 mm, 50.80 mm): Symbol #PWR014 [+BATT]
[footprint_link_issues]: The current configuration does not include the footprint library 'Diode_SMD'
    ; warning
    @(133.35 mm, 156.21 mm): Symbol D2 [SB120]
[lib_symbol_issues]: The current configuration does not include the symbol library 'Diode'
    ; warning
    @(133.35 mm, 156.21 mm): Symbol D2 [SB120]
[footprint_link_issues]: The current configuration does not include the footprint library 'Package_TO_SOT_SMD'
    ; warning
    @(133.35 mm, 176.53 mm): Symbol U3 [TPS613221ADBZ]
[lib_symbol_issues]: The current configuration does not include the symbol library 'Regulator_Switching'
    ; warning
    @(133.35 mm, 176.53 mm): Symbol U3 [TPS613221ADBZ]
[lib_symbol_issues]: The current configuration does not include the symbol library 'power'
    ; warning
    @(133.35 mm, 191.77 mm): Symbol #PWR045 [GND]
[footprint_link_issues]: The current configuration does not include the footprint library 'Resistor_SMD'
    ; warning
    @(137.16 mm, 50.80 mm): Symbol R11 [R]
[lib_symbol_issues]: The current configuration does not include the symbol library 'Device'
    ; warning
    @(137.16 mm, 50.80 mm): Symbol R11 [R]
[lib_symbol_issues]: The current configuration does not include the symbol library 'power'
    ; warning
    @(137.16 mm, 60.96 mm): Symbol #PWR020 [+BATT]
[footprint_link_issues]: The current configuration does not include the footprint library 'Capacitor_SMD'
    ; warning
    @(137.16 mm, 67.31 mm): Symbol C2 [C]
[lib_symbol_issues]: The current configuration does not include the symbol library 'Device'
    ; warning
    @(137.16 mm, 67.31 mm): Symbol C2 [C]
[lib_symbol_issues]: The current configuration does not include the symbol library 'power'
    ; warning
    @(137.16 mm, 73.66 mm): Symbol #PWR021 [GND]
[lib_symbol_issues]: The current configuration does not include the symbol library 'power'
    ; warning
    @(149.86 mm, 209.55 mm): Symbol #PWR047 [+5V]
[footprint_link_issues]: The current configuration does not include the footprint library 'Capacitor_SMD'
    ; warning
    @(149.86 mm, 217.17 mm): Symbol C8 [C]
[lib_symbol_issues]: The current configuration does not include the symbol library 'Device'
    ; warning
    @(149.86 mm, 217.17 mm): Symbol C8 [C]
[lib_symbol_issues]: The current configuration does not include the symbol library 'power'
    ; warning
    @(149.86 mm, 224.79 mm): Symbol #PWR048 [GND]
[footprint_link_issues]: The current configuration does not include the footprint library 'Resistor_SMD'
    ; warning
    @(152.40 mm, 60.96 mm): Symbol R12 [R]
[lib_symbol_issues]: The current configuration does not include the symbol library 'Device'
    ; warning
    @(152.40 mm, 60.96 mm): Symbol R12 [R]
[lib_symbol_issues]: The current configuration does not include the symbol library 'power'
    ; warning
    @(152.40 mm, 71.12 mm): Symbol #PWR017 [GND]
[footprint_link_issues]: The current configuration does not include the footprint library 'Capacitor_SMD'
    ; warning
    @(154.94 mm, 118.11 mm): Symbol C3 [C]
[lib_symbol_issues]: The current configuration does not include the symbol library 'Device'
    ; warning
    @(154.94 mm, 118.11 mm): Symbol C3 [C]
[lib_symbol_issues]: The current configuration does not include the symbol library 'power'
    ; warning
    @(154.94 mm, 125.73 mm): Symbol #PWR031 [GND]
[lib_symbol_issues]: The current configuration does not include the symbol library 'power'
    ; warning
    @(156.21 mm, 173.99 mm): Symbol #PWR046 [+5V]
[footprint_link_issues]: The current configuration does not include the footprint library 'Capacitor_SMD'
    ; warning
    @(165.10 mm, 118.11 mm): Symbol C4 [C]
[lib_symbol_issues]: The current configuration does not include the symbol library 'Device'
    ; warning
    @(165.10 mm, 118.11 mm): Symbol C4 [C]
[lib_symbol_issues]: The current configuration does not include the symbol library 'power'
    ; warning
    @(165.10 mm, 125.73 mm): Symbol #PWR032 [GND]
[lib_symbol_issues]: The current configuration does not include the symbol library 'power'
    ; warning
    @(172.72 mm, 121.92 mm): Symbol #PWR027 [GND]
[footprint_link_issues]: The current configuration does not include the footprint library 'Inductor_SMD'
    ; warning
    @(177.80 mm, 129.54 mm): Symbol L1 [L]
[lib_symbol_issues]: The current configuration does not include the symbol library 'Device'
    ; warning
    @(177.80 mm, 129.54 mm): Symbol L1 [L]
[lib_symbol_issues]: The current configuration does not include the symbol library 'power'
    ; warning
    @(180.34 mm, 170.18 mm): Symbol #PWR049 [VBUS]
[lib_symbol_issues]: The current configuration does not include the symbol library 'power'
    ; warning
    @(180.34 mm, 191.77 mm): Symbol #PWR050 [+5V]
[lib_symbol_issues]: The current configuration does not include the symbol library 'power'
    ; warning
    @(190.50 mm, 43.18 mm): Symbol #PWR025 [VBUS]
[footprint_link_issues]: The current configuration does not include the footprint library 'Resistor_SMD'
    ; warning
    @(190.50 mm, 59.69 mm): Symbol R5 [R]
[lib_symbol_issues]: The current configuration does not include the symbol library 'Device'
    ; warning
    @(190.50 mm, 59.69 mm): Symbol R5 [R]
[footprint_link_issues]: The current configuration does not include the footprint library 'Resistor_SMD'
    ; warning
    @(190.50 mm, 74.93 mm): Symbol R6 [R]
[lib_symbol_issues]: The current configuration does not include the symbol library 'Device'
    ; warning
    @(190.50 mm, 74.93 mm): Symbol R6 [R]
[lib_symbol_issues]: The current configuration does not include the symbol library 'power'
    ; warning
    @(190.50 mm, 82.55 mm): Symbol #PWR026 [GND]
[footprint_link_issues]: The current configuration does not include the footprint library 'Diode_SMD'
    ; warning
    @(193.04 mm, 177.80 mm): Symbol D3 [SB120]
[lib_symbol_issues]: The current configuration does not include the symbol library 'Diode'
    ; warning
    @(193.04 mm, 177.80 mm): Symbol D3 [SB120]
[footprint_link_issues]: The current configuration does not include the footprint library 'Diode_SMD'
    ; warning
    @(193.04 mm, 199.39 mm): Symbol D4 [SB120]
[lib_symbol_issues]: The current configuration does not include the symbol library 'Diode'
    ; warning
    @(193.04 mm, 199.39 mm): Symbol D4 [SB120]
[lib_symbol_issues]: The current configuration does not include the symbol library 'power'
    ; warning
    @(200.66 mm, 144.78 mm): Symbol #PWR029 [GND]
[footprint_link_issues]: The current configuration does not include the footprint library 'Package_SON'
    ; warning
    @(203.20 mm, 124.46 mm): Symbol U2 [TPS63030DSK]
[lib_symbol_issues]: The current configuration does not include the symbol library 'Regulator_Switching'
    ; warning
    @(203.20 mm, 124.46 mm): Symbol U2 [TPS63030DSK]
[lib_symbol_issues]: The current configuration does not include the symbol library 'power'
    ; warning
    @(203.20 mm, 144.78 mm): Symbol #PWR028 [GND]
[footprint_link_issues]: The current configuration does not include the footprint library 'Diode_SMD'
    ; warning
    @(205.74 mm, 50.80 mm): Symbol D1 [SB120]
[lib_symbol_issues]: The current configuration does not include the symbol library 'Diode'
    ; warning
    @(205.74 mm, 50.80 mm): Symbol D1 [SB120]
[footprint_link_issues]: The current configuration does not include the footprint library 'Package_TO_SOT_SMD'
    ; warning
    @(209.55 mm, 66.04 mm): Symbol Q1 [TP0610T]
[lib_symbol_issues]: The current configuration does not include the symbol library 'Transistor_FET'
    ; warning
    @(209.55 mm, 66.04 mm): Symbol Q1 [TP0610T]
[lib_symbol_issues]: The current configuration does not include the symbol library 'power'
    ; warning
    @(212.09 mm, 80.01 mm): Symbol #PWR024 [+BATT]
[lib_symbol_issues]: The current configuration does not include the symbol library 'power'
    ; warning
    @(215.90 mm, 46.99 mm): Symbol #PWR023 [PWR_FLAG]
[lib_symbol_issues]: The current configuration does not include the symbol library 'power'
    ; warning
    @(222.25 mm, 106.68 mm): Symbol #PWR030 [+3V3]
[footprint_link_issues]: The current configuration does not include the footprint library 'Capacitor_SMD'
    ; warning
    @(228.60 mm, 196.85 mm): Symbol C9 [C]
[lib_symbol_issues]: The current configuration does not include the symbol library 'Device'
    ; warning
    @(228.60 mm, 196.85 mm): Symbol C9 [C]
[lib_symbol_issues]: The current configuration does not include the symbol library 'power'
    ; warning
    @(228.60 mm, 208.28 mm): Symbol #PWR054 [GND]
[lib_symbol_issues]: The current configuration does not include the symbol library 'power'
    ; warning
    @(236.22 mm, 121.92 mm): Symbol #PWR033 [+3V3]
[footprint_link_issues]: The current configuration does not include the footprint library 'Capacitor_SMD'
    ; warning
    @(236.22 mm, 129.54 mm): Symbol C5 [C]
[lib_symbol_issues]: The current configuration does not include the symbol library 'Device'
    ; warning
    @(236.22 mm, 129.54 mm): Symbol C5 [C]
[lib_symbol_issues]: The current configuration does not include the symbol library 'power'
    ; warning
    @(236.22 mm, 137.16 mm): Symbol #PWR034 [GND]
[lib_symbol_issues]: The current configuration does not include the symbol library 'power'
    ; warning
    @(238.76 mm, 187.96 mm): Symbol #PWR051 [GND]
[lib_symbol_issues]: The current configuration does not include the symbol library 'power'
    ; warning
    @(238.76 mm, 213.36 mm): Symbol #PWR052 [+BATT]
[lib_symbol_issues]: The current configuration does not include the symbol library 'power'
    ; warning
    @(238.76 mm, 215.90 mm): Symbol #PWR053 [GND]
[lib_symbol_issues]: The current configuration does not include the symbol library 'power'
    ; warning
    @(246.38 mm, 121.92 mm): Symbol #PWR035 [+3V3]
[footprint_link_issues]: The current configuration does not include the footprint library 'Capacitor_SMD'
    ; warning
    @(246.38 mm, 129.54 mm): Symbol C6 [C]
[lib_symbol_issues]: The current configuration does not include the symbol library 'Device'
    ; warning
    @(246.38 mm, 129.54 mm): Symbol C6 [C]
[lib_symbol_issues]: The current configuration does not include the symbol library 'power'
    ; warning
    @(246.38 mm, 137.16 mm): Symbol #PWR036 [GND]
[footprint_link_issues]: The current configuration does not include the footprint library 'Connector_JST'
    ; warning
    @(248.92 mm, 185.42 mm): Symbol J3 [Conn_01x02]
[lib_symbol_issues]: The current configuration does not include the symbol library 'Connector_Generic'
    ; warning
    @(248.92 mm, 185.42 mm): Symbol J3 [Conn_01x02]
[footprint_link_issues]: The current configuration does not include the footprint library 'Connector_JST'
    ; warning
    @(248.92 mm, 213.36 mm): Symbol J4 [Conn_01x02]
[lib_symbol_issues]: The current configuration does not include the symbol library 'Connector_Generic'
    ; warning
    @(248.92 mm, 213.36 mm): Symbol J4 [Conn_01x02]
[lib_symbol_issues]: The current configuration does not include the symbol library 'Simulation_SPICE'
    ; warning
    @(38.10 mm, 60.96 mm): Symbol V1 [VPULSE]
[lib_symbol_issues]: The current configuration does not include the symbol library 'power'
    ; warning
    @(38.10 mm, 68.58 mm): Symbol #PWR301 [GND]
[lib_symbol_issues]: The current configuration does not include the symbol library 'Device'
    ; warning
    @(41.91 mm, 55.88 mm): Symbol R310 [R]
[lib_symbol_issues]: The current configuration does not include the symbol library 'Simulation_SPICE'
    ; warning
    @(76.20 mm, 60.96 mm): Symbol V2 [VDC]
[lib_symbol_issues]: The current configuration does not include the symbol library 'power'
    ; warning
    @(76.20 mm, 68.58 mm): Symbol #PWR302 [GND]
[lib_symbol_issues]: The current configuration does not include the symbol library 'Device'
    ; warning
    @(80.01 mm, 55.88 mm): Symbol R300 [R]
[lib_symbol_issues]: The current configuration does not include the symbol library 'Simulation_SPICE'
    ; warning
    @(114.30 mm, 60.96 mm): Symbol V3 [VPULSE]
[lib_symbol_issues]: The current configuration does not include the symbol library 'power'
    ; warning
    @(114.30 mm, 68.58 mm): Symbol #PWR303 [GND]
[lib_symbol_issues]: The current configuration does not include the symbol library 'Simulation_SPICE'
    ; warning
    @(152.40 mm, 93.98 mm): Symbol I3 [IPULSE]
[lib_symbol_issues]: The current configuration does not include the symbol library 'power'
    ; warning
    @(152.40 mm, 101.60 mm): Symbol #PWR309 [GND]
[lib_symbol_issues]: The current configuration does not include the symbol library 'Simulation_SPICE'
    ; warning
    @(190.50 mm, 60.96 mm): Symbol I1 [IPULSE]
[lib_symbol_issues]: The current configuration does not include the symbol library 'power'
    ; warning
    @(190.50 mm, 68.58 mm): Symbol #PWR305 [GND]
[lib_symbol_issues]: The current configuration does not include the symbol library 'Simulation_SPICE'
    ; warning
    @(190.50 mm, 93.98 mm): Symbol I2 [IPULSE]
[lib_symbol_issues]: The current configuration does not include the symbol library 'power'
    ; warning
    @(190.50 mm, 101.60 mm): Symbol #PWR308 [GND]
[lib_symbol_issues]: The current configuration does not include the symbol library 'Device'
    ; warning
    @(228.60 mm, 55.88 mm): Symbol R301 [R]
[lib_symbol_issues]: The current configuration does not include the symbol library 'Device'
    ; warning
    @(228.60 mm, 88.90 mm): Symbol R302 [R]
[lib_symbol_issues]: The current configuration does not include the symbol library 'power'
    ; warning
    @(236.22 mm, 60.96 mm): Symbol #PWR306 [GND]
[lib_symbol_issues]: The current configuration does not include the symbol library 'power'
    ; warning
    @(236.22 mm, 93.98 mm): Symbol #PWR307 [GND]
[lib_symbol_issues]: The current configuration does not include the symbol library 'power'
    ; warning
    @(40.64 mm, 129.54 mm): Symbol #PWR114 [+BATT]
[footprint_link_issues]: The current configuration does not include the footprint library 'Resistor_SMD'
    ; warning
    @(40.64 mm, 137.16 mm): Symbol R30 [R]
[lib_symbol_issues]: The current configuration does not include the symbol library 'Device'
    ; warning
    @(40.64 mm, 137.16 mm): Symbol R30 [R]
[footprint_link_issues]: The current configuration does not include the footprint library 'Resistor_SMD'
    ; warning
    @(40.64 mm, 160.02 mm): Symbol R31 [R]
[lib_symbol_issues]: The current configuration does not include the symbol library 'Device'
    ; warning
    @(40.64 mm, 160.02 mm): Symbol R31 [R]
[lib_symbol_issues]: The current configuration does not include the symbol library 'power'
    ; warning
    @(40.64 mm, 170.18 mm): Symbol #PWR115 [GND]
[footprint_link_issues]: The current configuration does not include the footprint library 'Capacitor_SMD'
    ; warning
    @(55.88 mm, 160.02 mm): Symbol C20 [C]
[lib_symbol_issues]: The current configuration does not include the symbol library 'Device'
    ; warning
    @(55.88 mm, 160.02 mm): Symbol C20 [C]
[lib_symbol_issues]: The current configuration does not include the symbol library 'power'
    ; warning
    @(55.88 mm, 170.18 mm): Symbol #PWR116 [GND]
[lib_symbol_issues]: The current configuration does not include the symbol library 'power'
    ; warning
    @(83.82 mm, 129.54 mm): Symbol #PWR117 [VBUS]
[footprint_link_issues]: The current configuration does not include the footprint library 'Resistor_SMD'
    ; warning
    @(83.82 mm, 137.16 mm): Symbol R32 [R]
[lib_symbol_issues]: The current configuration does not include the symbol library 'Device'
    ; warning
    @(83.82 mm, 137.16 mm): Symbol R32 [R]
[footprint_link_issues]: The current configuration does not include the footprint library 'Resistor_SMD'
    ; warning
    @(83.82 mm, 160.02 mm): Symbol R33 [R]
[lib_symbol_issues]: The current configuration does not include the symbol library 'Device'
    ; warning
    @(83.82 mm, 160.02 mm): Symbol R33 [R]
[lib_symbol_issues]: The current configuration does not include the symbol library 'power'
    ; warning
    @(83.82 mm, 170.18 mm): Symbol #PWR118 [GND]
[footprint_link_issues]: The current configuration does not include the footprint library 'Resistor_SMD'
    ; warning
    @(121.92 mm, 137.16 mm): Symbol R34 [R]
[lib_symbol_issues]: The current configuration does not include the symbol library 'Device'
    ; warning
    @(121.92 mm, 137.16 mm): Symbol R34 [R]
[footprint_link_issues]: The current configuration does not include the footprint library 'Thermistor_SMD'
    ; warning
    @(121.92 mm, 160.02 mm): Symbol RT1 [Thermistor_NTC]
[lib_symbol_issues]: The current configuration does not include the symbol library 'Device'
    ; warning
    @(121.92 mm, 160.02 mm): Symbol RT1 [Thermistor_NTC]
[lib_symbol_issues]: The current configuration does not include the symbol library 'power'
    ; warning
    @(121.92 mm, 170.18 mm): Symbol #PWR119 [GND]
[footprint_link_issues]: The current configuration does not include the footprint library 'Resistor_SMD'
    ; warning
    @(132.08 mm, 55.88 mm): Symbol R20 [R]
[lib_symbol_issues]: The current configuration does not include the symbol library 'Device'
    ; warning
    @(132.08 mm, 55.88 mm): Symbol R20 [R]
[footprint_link_issues]: The current configuration does not include the footprint library 'Button_Switch_SMD'
    ; warning
    @(132.08 mm, 78.74 mm): Symbol SW1 [SW_Push]
[lib_symbol_issues]: The current configuration does not include the symbol library 'Switch'
    ; warning
    @(132.08 mm, 78.74 mm): Symbol SW1 [SW_Push]
[lib_symbol_issues]: The current configuration does not include the symbol library 'power'
    ; warning
    @(132.08 mm, 86.36 mm): Symbol #PWR108 [GND]
[footprint_link_issues]: The current configuration does not include the footprint library 'Capacitor_SMD'
    ; warning
    @(137.16 mm, 160.02 mm): Symbol C21 [C]
[lib_symbol_issues]: The current configuration does not include the symbol library 'Device'
    ; warning
    @(137.16 mm, 160.02 mm): Symbol C21 [C]
[lib_symbol_issues]: The current configuration does not include the symbol library 'power'
    ; warning
    @(137.16 mm, 170.18 mm): Symbol #PWR120 [GND]
[lib_symbol_issues]: The current configuration does not include the symbol library 'power'
    ; warning
    @(143.51 mm, 77.47 mm): Symbol #PWR109 [+3V3]
[footprint_link_issues]: The current configuration does not include the footprint library 'Resistor_SMD'
    ; warning
    @(143.51 mm, 83.82 mm): Symbol R21 [R]
[lib_symbol_issues]: The current configuration does not include the symbol library 'Device'
    ; warning
    @(143.51 mm, 83.82 mm): Symbol R21 [R]
[footprint_link_issues]: The current configuration does not include the footprint library 'Button_Switch_SMD'
    ; warning
    @(143.51 mm, 101.60 mm): Symbol SW2 [SW_Push]
[lib_symbol_issues]: The current configuration does not include the symbol library 'Switch'
    ; warning
    @(143.51 mm, 101.60 mm): Symbol SW2 [SW_Push]
[lib_symbol_issues]: The current configuration does not include the symbol library 'power'
    ; warning
    @(143.51 mm, 106.68 mm): Symbol #PWR0110 [GND]
[footprint_link_issues]: The current configuration does not include the footprint library 'Capacitor_SMD'
    ; warning
    @(156.21 mm, 45.72 mm): Symbol C10 [C]
[lib_symbol_issues]: The current configuration does not include the symbol library 'Device'
    ; warning
    @(156.21 mm, 45.72 mm): Symbol C10 [C]
[lib_symbol_issues]: The current configuration does not include the symbol library 'power'
    ; warning
    @(156.21 mm, 52.07 mm): Symbol #PWR0104 [GND]
[lib_symbol_issues]: The current configuration does not include the symbol library 'power'
    ; warning
    @(162.56 mm, 33.02 mm): Symbol #PWR105 [+3V3]
[footprint_link_issues]: The current configuration does not include the footprint library 'Capacitor_SMD'
    ; warning
    @(167.64 mm, 45.72 mm): Symbol C11 [C]
[lib_symbol_issues]: The current configuration does not include the symbol library 'Device'
    ; warning
    @(167.64 mm, 45.72 mm): Symbol C11 [C]
[lib_symbol_issues]: The current configuration does not include the symbol library 'power'
    ; warning
    @(167.64 mm, 52.07 mm): Symbol #PWR0106 [GND]
[footprint_link_issues]: The current configuration does not include the footprint library 'RF_Module'
    ; warning
    @(190.50 mm, 83.82 mm): Symbol U10 [ESP32-C6-MINI-1]
[lib_symbol_issues]: The current configuration does not include the symbol library 'RF_Module'
    ; warning
    @(190.50 mm, 83.82 mm): Symbol U10 [ESP32-C6-MINI-1]
[lib_symbol_issues]: The current configuration does not include the symbol library 'power'
    ; warning
    @(190.50 mm, 116.84 mm): Symbol #PWR102 [GND]
[footprint_link_issues]: The current configuration does not include the footprint library 'Connector_JST'
    ; warning
    @(190.50 mm, 208.28 mm): Symbol J20 [Conn_01x03]
[lib_symbol_issues]: The current configuration does not include the symbol library 'Connector_Generic'
    ; warning
    @(190.50 mm, 208.28 mm): Symbol J20 [Conn_01x03]
[footprint_link_issues]: The current configuration does not include the footprint library 'Connector_JST'
    ; warning
    @(190.50 mm, 236.22 mm): Symbol J21 [Conn_01x03]
[lib_symbol_issues]: The current configuration does not include the symbol library 'Connector_Generic'
    ; warning
    @(190.50 mm, 236.22 mm): Symbol J21 [Conn_01x03]
[lib_symbol_issues]: The current configuration does not include the symbol library 'power'
    ; warning
    @(203.20 mm, 210.82 mm): Symbol #PWR121 [GND]
[lib_symbol_issues]: The current configuration does not include the symbol library 'power'
    ; warning
    @(203.20 mm, 238.76 mm): Symbol #PWR122 [GND]
[footprint_link_issues]: The current configuration does not include the footprint library 'Resistor_SMD'
    ; warning
    @(218.44 mm, 205.74 mm): Symbol R40 [R]
[lib_symbol_issues]: The current configuration does not include the symbol library 'Device'
    ; warning
    @(218.44 mm, 205.74 mm): Symbol R40 [R]
[footprint_link_issues]: The current configuration does not include the footprint library 'Resistor_SMD'
    ; warning
    @(218.44 mm, 210.82 mm): Symbol R41 [R]
[lib_symbol_issues]: The current configuration does not include the symbol library 'Device'
    ; warning
    @(218.44 mm, 210.82 mm): Symbol R41 [R]
[footprint_link_issues]: The current configuration does not include the footprint library 'Resistor_SMD'
    ; warning
    @(218.44 mm, 233.68 mm): Symbol R42 [R]
[lib_symbol_issues]: The current configuration does not include the symbol library 'Device'
    ; warning
    @(218.44 mm, 233.68 mm): Symbol R42 [R]
[footprint_link_issues]: The current configuration does not include the footprint library 'Resistor_SMD'
    ; warning
    @(218.44 mm, 238.76 mm): Symbol R43 [R]
[lib_symbol_issues]: The current configuration does not include the symbol library 'Device'
    ; warning
    @(218.44 mm, 238.76 mm): Symbol R43 [R]
[footprint_link_issues]: The current configuration does not include the footprint library 'Resistor_SMD'
    ; warning
    @(240.03 mm, 71.12 mm): Symbol R22 [R]
[lib_symbol_issues]: The current configuration does not include the symbol library 'Device'
    ; warning
    @(240.03 mm, 71.12 mm): Symbol R22 [R]
[footprint_link_issues]: The current configuration does not include the footprint library 'Resistor_SMD'
    ; warning
    @(240.03 mm, 73.66 mm): Symbol R23 [R]
[lib_symbol_issues]: The current configuration does not include the symbol library 'Device'
    ; warning
    @(240.03 mm, 73.66 mm): Symbol R23 [R]
[footprint_link_issues]: The current configuration does not include the footprint library 'Capacitor_SMD'
    ; warning
    @(269.24 mm, 83.82 mm): Symbol C13 [C]
[lib_symbol_issues]: The current configuration does not include the symbol library 'Device'
    ; warning
    @(269.24 mm, 83.82 mm): Symbol C13 [C]
[lib_symbol_issues]: The current configuration does not include the symbol library 'power'
    ; warning
    @(269.24 mm, 92.71 mm): Symbol #PWR112 [GND]
[footprint_link_issues]: The current configuration does not include the footprint library 'Connector_JST'
    ; warning
    @(279.40 mm, 172.72 mm): Symbol J22 [Conn_01x04]
[lib_symbol_issues]: The current configuration does not include the symbol library 'Connector_Generic'
    ; warning
    @(279.40 mm, 172.72 mm): Symbol J22 [Conn_01x04]
[lib_symbol_issues]: The current configuration does not include the symbol library 'power'
    ; warning
    @(284.48 mm, 58.42 mm): Symbol #PWR113 [GND]
[footprint_link_issues]: The current configuration does not include the footprint library 'Capacitor_SMD'
    ; warning
    @(289.56 mm, 81.28 mm): Symbol C12 [C]
[lib_symbol_issues]: The current configuration does not include the symbol library 'Device'
    ; warning
    @(289.56 mm, 81.28 mm): Symbol C12 [C]
[lib_symbol_issues]: The current configuration does not include the symbol library 'power'
    ; warning
    @(289.56 mm, 90.17 mm): Symbol #PWR111 [GND]
[footprint_link_issues]: The current configuration does not include the footprint library 'Resistor_SMD'
    ; warning
    @(289.56 mm, 198.12 mm): Symbol R50 [R]
[lib_symbol_issues]: The current configuration does not include the symbol library 'Device'
    ; warning
    @(289.56 mm, 198.12 mm): Symbol R50 [R]
[footprint_link_issues]: The current configuration does not include the footprint library 'Resistor_SMD'
    ; warning
    @(289.56 mm, 219.71 mm): Symbol R51 [R]
[lib_symbol_issues]: The current configuration does not include the symbol library 'Device'
    ; warning
    @(289.56 mm, 219.71 mm): Symbol R51 [R]
[lib_symbol_issues]: The current configuration does not include the symbol library 'power'
    ; warning
    @(289.56 mm, 231.14 mm): Symbol #PWR125 [GND]
[footprint_link_issues]: The current configuration does not include the footprint library ''
    ; warning
    @(292.10 mm, 53.34 mm): Symbol J10 [Conn_01x03]
[lib_symbol_issues]: The current configuration does not include the symbol library 'Connector_Generic'
    ; warning
    @(292.10 mm, 53.34 mm): Symbol J10 [Conn_01x03]
[lib_symbol_issues]: The current configuration does not include the symbol library 'power'
    ; warning
    @(292.10 mm, 177.80 mm): Symbol #PWR127 [GND]
[footprint_link_issues]: The current configuration does not include the footprint library 'Capacitor_SMD'
    ; warning
    @(304.80 mm, 148.59 mm): Symbol C30 [C]
[lib_symbol_issues]: The current configuration does not include the symbol library 'Device'
    ; warning
    @(304.80 mm, 148.59 mm): Symbol C30 [C]
[footprint_link_issues]: The current configuration does not include the footprint library 'Capacitor_SMD'
    ; warning
    @(304.80 mm, 156.21 mm): Symbol C31 [C]
[lib_symbol_issues]: The current configuration does not include the symbol library 'Device'
    ; warning
    @(304.80 mm, 156.21 mm): Symbol C31 [C]
[footprint_link_issues]: The current configuration does not include the footprint library 'Capacitor_SMD'
    ; warning
    @(304.80 mm, 163.83 mm): Symbol C32 [C]
[lib_symbol_issues]: The current configuration does not include the symbol library 'Device'
    ; warning
    @(304.80 mm, 163.83 mm): Symbol C32 [C]
[footprint_link_issues]: The current configuration does not include the footprint library 'TestPoint'
    ; warning
    @(308.61 mm, 175.26 mm): Symbol TP1 [TestPoint]
[lib_symbol_issues]: The current configuration does not include the symbol library 'Connector'
    ; warning
    @(308.61 mm, 175.26 mm): Symbol TP1 [TestPoint]
[footprint_link_issues]: The current configuration does not include the footprint library 'Capacitor_SMD'
    ; warning
    @(309.88 mm, 220.98 mm): Symbol C33 [C]
[lib_symbol_issues]: The current configuration does not include the symbol library 'Device'
    ; warning
    @(309.88 mm, 220.98 mm): Symbol C33 [C]
[lib_symbol_issues]: The current configuration does not include the symbol library 'power'
    ; warning
    @(309.88 mm, 231.14 mm): Symbol #PWR126 [GND]
[footprint_link_issues]: The current configuration does not include the footprint library 'Resistor_SMD'
    ; warning
    @(320.04 mm, 193.04 mm): Symbol R52 [R]
[lib_symbol_issues]: The current configuration does not include the symbol library 'Device'
    ; warning
    @(320.04 mm, 193.04 mm): Symbol R52 [R]
[lib_symbol_issues]: The current configuration does not include the symbol library 'power'
    ; warning
    @(320.04 mm, 203.20 mm): Symbol #PWR124 [GND]
[footprint_link_issues]: The current configuration does not include the footprint library 'Package_TO_SOT_SMD'
    ; warning
    @(335.28 mm, 177.80 mm): Symbol Q10 [Q_NMOS_GSD]
[lib_symbol_issues]: The current configuration does not include the symbol library 'Transistor_FET'
    ; warning
    @(335.28 mm, 177.80 mm): Symbol Q10 [Q_NMOS_GSD]
[lib_symbol_issues]: The current configuration does not include the symbol library 'power'
    ; warning
    @(337.82 mm, 189.23 mm): Symbol #PWR123 [GND]

***** Sheet /USB + Power/

***** Sheet /ESP32-C6 + Auxiliary/

***** Sheet /Simulation Harness/

 ** ERC messages: 238  Errors 0  Warnings 238

 ** Ignored checks:
    - Global label only appears once in the schematic
    - Four connection points are joined together
    - SPICE model issue
    - Assigned footprint doesn't match footprint filters
