** Drc report for unni-smartification-c6.kicad_pcb **
** Created on 2026-08-25T13:56:51 **
** Report includes: Errors, Warnings, Exclusions **

** Found 71 DRC violations **
[via_dangling]: Via is not connected or connected on only one layer
    Local override; warning
    @(147.2000 mm, 135.5300 mm): Via [CONN_BTN] on F.Cu - B.Cu
[silk_edge_clearance]: Silkscreen clipped by board edge
    Rule: board setup constraints silk; warning
    @(72.6500 mm, 123.2000 mm): Segment on Edge.Cuts
    @(85.6200 mm, 123.5800 mm): Segment of J1 on B.Silkscreen
[silk_edge_clearance]: Silkscreen clipped by board edge
    Rule: board setup constraints silk; warning
    @(72.6500 mm, 123.2000 mm): Segment on Edge.Cuts
    @(76.6800 mm, 123.5800 mm): Segment of J1 on B.Silkscreen
[lib_footprint_mismatch]: Footprint 'L_Murata_LQH3NPN_3.0x3.0mm_HandSolder' does not match copy in library 'Unni_Inductor'
    Local override; warning
    @(116.5350 mm, 134.0950 mm): Footprint L1
[lib_footprint_issues]: The current configuration does not include the footprint library 'UNNI_Mechanical'
    Local override; warning
    @(82.1500 mm, 136.9000 mm): Footprint H3
[lib_footprint_mismatch]: Footprint 'JST_PH_B5B-PH-K_1x05_P2.00mm_Vertical' does not match copy in library 'Connector_JST'
    Local override; warning
    @(153.9800 mm, 146.5800 mm): Footprint J6
[lib_footprint_mismatch]: Footprint 'ESP32-C6-MINI-1' does not match copy in library 'RF_Module'
    Local override; warning
    @(142.5811 mm, 136.3250 mm): Footprint U10
[lib_footprint_mismatch]: Footprint 'JST_PH_B3B-PH-K_1x03_P2.00mm_Vertical' does not match copy in library 'Connector_JST'
    Local override; warning
    @(125.3600 mm, 137.2000 mm): Footprint J5
[lib_footprint_issues]: The current configuration does not include the footprint library 'UNNI_Mechanical'
    Local override; warning
    @(90.1500 mm, 136.2000 mm): Footprint H2
[lib_footprint_mismatch]: Footprint 'D_SMA_Handsoldering' does not match copy in library 'Diode_SMD'
    Local override; warning
    @(86.9000 mm, 163.3000 mm): Footprint D3
[lib_footprint_mismatch]: Footprint 'D_SMA_Handsoldering' does not match copy in library 'Diode_SMD'
    Local override; warning
    @(123.0100 mm, 149.7200 mm): Footprint D1
[lib_footprint_mismatch]: Footprint 'JST_PH_B2B-PH-K_1x02_P2.00mm_Vertical' does not match copy in library 'Connector_JST'
    Local override; warning
    @(112.4400 mm, 153.7500 mm): Footprint J2
[lib_footprint_mismatch]: Footprint 'L_Murata_DFE322520FD_3.2x2.5mm_HandSolder' does not match copy in library 'Unni_Inductor'
    Local override; warning
    @(79.8500 mm, 149.9000 mm): Footprint L2
[lib_footprint_mismatch]: Footprint 'R_0805_2012Metric_Pad1.20x1.40mm_HandSolder' does not match copy in library 'Resistor_SMD'
    Local override; warning
    @(129.2100 mm, 152.5300 mm): Footprint R5
[lib_footprint_mismatch]: Footprint 'JST_PH_B6B-PH-K_1x06_P2.00mm_Vertical' does not match copy in library 'Connector_JST'
    Local override; warning
    @(87.1600 mm, 185.9400 mm): Footprint J3
[lib_footprint_mismatch]: Footprint 'C_0603_1608Metric_Pad1.08x0.95mm_HandSolder' does not match copy in library 'Capacitor_SMD'
    Local override; warning
    @(134.5800 mm, 132.5200 mm): Footprint C10
[lib_footprint_mismatch]: Footprint 'D_SMA_Handsoldering' does not match copy in library 'Diode_SMD'
    Local override; warning
    @(83.7500 mm, 156.9500 mm): Footprint D4
[lib_footprint_issues]: The current configuration does not include the footprint library 'UNNI_Mechanical'
    Local override; warning
    @(89.6500 mm, 132.2000 mm): Footprint H1
[lib_footprint_mismatch]: Footprint 'JST_PH_B2B-PH-K_1x02_P2.00mm_Vertical' does not match copy in library 'Connector_JST'
    Local override; warning
    @(153.6400 mm, 136.6800 mm): Footprint RT1
[lib_footprint_mismatch]: Footprint 'JST_PH_B6B-PH-K_1x06_P2.00mm_Vertical' does not match copy in library 'Connector_JST'
    Local override; warning
    @(148.2300 mm, 154.6300 mm): Footprint J10
[lib_footprint_issues]: The current configuration does not include the footprint library 'UNNI_Mechanical'
    Local override; warning
    @(75.1500 mm, 136.7000 mm): Footprint H4
[lib_footprint_mismatch]: Footprint 'R_0805_2012Metric_Pad1.20x1.40mm_HandSolder' does not match copy in library 'Resistor_SMD'
    Local override; warning
    @(87.2700 mm, 130.8300 mm): Footprint R2
[lib_footprint_mismatch]: Footprint 'SAMESKY_UJ20-C-H-G-SMT-1-P16-TR' does not match copy in library 'Misc'
    Local override; warning
    @(81.1500 mm, 122.2300 mm): Footprint J1
[lib_footprint_mismatch]: Footprint 'SOT-23_Handsoldering' does not match copy in library 'Package_TO_SOT_SMD'
    Local override; warning
    @(78.1600 mm, 133.2300 mm): Footprint U4
[lib_footprint_mismatch]: Footprint 'R_0805_2012Metric_Pad1.20x1.40mm_HandSolder' does not match copy in library 'Resistor_SMD'
    Local override; warning
    @(87.2800 mm, 125.4100 mm): Footprint R1
[lib_footprint_mismatch]: Footprint 'R_0603_1608Metric_Pad0.98x0.95mm_HandSolder' does not match copy in library 'Resistor_SMD'
    Local override; warning
    @(147.2350 mm, 137.4550 mm): Footprint R24
[text_height]: Text height out of range (board setup constraints silk text height min height 0.8000 mm; actual 0.7000 mm)
    Rule: board setup constraints silk text height; warning
    @(72.9000 mm, 175.1800 mm): PCB text 'UNNI_DC GND UNNI_AC' on F.Silkscreen
[text_height]: Text height out of range (board setup constraints silk text height min height 0.8000 mm; actual 0.7000 mm)
    Rule: board setup constraints silk text height; warning
    @(75.1514 mm, 184.2889 mm): PCB text '+B VCC CMD GND D+ D-' on F.Silkscreen
[text_height]: Text height out of range (board setup constraints silk text height min height 0.8000 mm; actual 0.7000 mm)
    Rule: board setup constraints silk text height; warning
    @(111.6800 mm, 152.5400 mm): PCB text 'B-B+' on F.Silkscreen
[text_height]: Text height out of range (board setup constraints silk text height min height 0.8000 mm; actual 0.7000 mm)
    Rule: board setup constraints silk text height; warning
    @(136.1314 mm, 156.7689 mm): PCB text '+B VCC CMD GND D+ D-' on F.Silkscreen
[text_height]: Text height out of range (board setup constraints silk text height min height 0.8000 mm; actual 0.7000 mm)
    Rule: board setup constraints silk text height; warning
    @(128.7800 mm, 140.0600 mm): PCB text 'TOUCH LED BTN' on F.Silkscreen
[text_height]: Text height out of range (board setup constraints silk text height min height 0.8000 mm; actual 0.7000 mm)
    Rule: board setup constraints silk text height; warning
    @(151.4300 mm, 156.0700 mm): PCB text 'GND RT RH SDA SCL' on F.Silkscreen
[silk_overlap]: Silkscreen clearance
    Rule: board setup constraints silk; warning
    @(111.6800 mm, 152.5400 mm): PCB text 'B-B+' on F.Silkscreen
    @(112.9400 mm, 152.5500 mm): Segment of J2 on F.Silkscreen
[silk_overlap]: Silkscreen clearance
    Rule: board setup constraints silk; warning
    @(111.6800 mm, 152.5400 mm): PCB text 'B-B+' on F.Silkscreen
    @(115.8900 mm, 152.5500 mm): Segment of J2 on F.Silkscreen
[silk_overlap]: Silkscreen clearance
    Rule: board setup constraints silk; warning
    @(75.7100 mm, 183.6400 mm): Segment of J3 on F.Silkscreen
    @(75.1514 mm, 184.2889 mm): PCB text '+B VCC CMD GND D+ D-' on F.Silkscreen
[silk_overlap]: Silkscreen clearance
    Rule: board setup constraints silk; warning
    @(78.0600 mm, 184.1400 mm): Segment of J3 on F.Silkscreen
    @(75.1514 mm, 184.2889 mm): PCB text '+B VCC CMD GND D+ D-' on F.Silkscreen
[silk_overlap]: Silkscreen clearance
    Rule: board setup constraints silk; warning
    @(78.1600 mm, 183.6400 mm): Segment of J3 on F.Silkscreen
    @(75.1514 mm, 184.2889 mm): PCB text '+B VCC CMD GND D+ D-' on F.Silkscreen
[silk_overlap]: Silkscreen clearance
    Rule: board setup constraints silk; warning
    @(78.2600 mm, 183.6400 mm): Segment of J3 on F.Silkscreen
    @(75.1514 mm, 184.2889 mm): PCB text '+B VCC CMD GND D+ D-' on F.Silkscreen
[silk_overlap]: Silkscreen clearance
    Rule: board setup constraints silk; warning
    @(78.2600 mm, 184.1400 mm): Segment of J3 on F.Silkscreen
    @(75.1514 mm, 184.2889 mm): PCB text '+B VCC CMD GND D+ D-' on F.Silkscreen
[silk_overlap]: Silkscreen clearance
    Rule: board setup constraints silk; warning
    @(80.2600 mm, 184.1400 mm): Segment of J3 on F.Silkscreen
    @(75.1514 mm, 184.2889 mm): PCB text '+B VCC CMD GND D+ D-' on F.Silkscreen
[silk_overlap]: Silkscreen clearance
    Rule: board setup constraints silk; warning
    @(80.0600 mm, 184.1400 mm): Segment of J3 on F.Silkscreen
    @(75.1514 mm, 184.2889 mm): PCB text '+B VCC CMD GND D+ D-' on F.Silkscreen
[silk_overlap]: Silkscreen clearance
    Rule: board setup constraints silk; warning
    @(80.1600 mm, 183.6400 mm): Segment of J3 on F.Silkscreen
    @(75.1514 mm, 184.2889 mm): PCB text '+B VCC CMD GND D+ D-' on F.Silkscreen
[silk_overlap]: Silkscreen clearance
    Rule: board setup constraints silk; warning
    @(80.2600 mm, 183.6400 mm): Segment of J3 on F.Silkscreen
    @(75.1514 mm, 184.2889 mm): PCB text '+B VCC CMD GND D+ D-' on F.Silkscreen
[silk_overlap]: Silkscreen clearance
    Rule: board setup constraints silk; warning
    @(82.2600 mm, 184.1400 mm): Segment of J3 on F.Silkscreen
    @(75.1514 mm, 184.2889 mm): PCB text '+B VCC CMD GND D+ D-' on F.Silkscreen
[silk_overlap]: Silkscreen clearance
    Rule: board setup constraints silk; warning
    @(82.0600 mm, 184.1400 mm): Segment of J3 on F.Silkscreen
    @(75.1514 mm, 184.2889 mm): PCB text '+B VCC CMD GND D+ D-' on F.Silkscreen
[silk_overlap]: Silkscreen clearance
    Rule: board setup constraints silk; warning
    @(82.1600 mm, 183.6400 mm): Segment of J3 on F.Silkscreen
    @(75.1514 mm, 184.2889 mm): PCB text '+B VCC CMD GND D+ D-' on F.Silkscreen
[silk_overlap]: Silkscreen clearance
    Rule: board setup constraints silk; warning
    @(82.2600 mm, 183.6400 mm): Segment of J3 on F.Silkscreen
    @(75.1514 mm, 184.2889 mm): PCB text '+B VCC CMD GND D+ D-' on F.Silkscreen
[silk_overlap]: Silkscreen clearance
    Rule: board setup constraints silk; warning
    @(84.0600 mm, 184.1400 mm): Segment of J3 on F.Silkscreen
    @(75.1514 mm, 184.2889 mm): PCB text '+B VCC CMD GND D+ D-' on F.Silkscreen
[silk_overlap]: Silkscreen clearance
    Rule: board setup constraints silk; warning
    @(88.6100 mm, 183.6400 mm): Segment of J3 on F.Silkscreen
    @(75.1514 mm, 184.2889 mm): PCB text '+B VCC CMD GND D+ D-' on F.Silkscreen
[silk_overlap]: Silkscreen clearance
    Rule: board setup constraints silk; warning
    @(84.1600 mm, 183.6400 mm): Segment of J3 on F.Silkscreen
    @(75.1514 mm, 184.2889 mm): PCB text '+B VCC CMD GND D+ D-' on F.Silkscreen
[silk_overlap]: Silkscreen clearance
    Rule: board setup constraints silk; warning
    @(84.2600 mm, 183.6400 mm): Segment of J3 on F.Silkscreen
    @(75.1514 mm, 184.2889 mm): PCB text '+B VCC CMD GND D+ D-' on F.Silkscreen
[silk_overlap]: Silkscreen clearance
    Rule: board setup constraints silk; warning
    @(84.2600 mm, 184.1400 mm): Segment of J3 on F.Silkscreen
    @(75.1514 mm, 184.2889 mm): PCB text '+B VCC CMD GND D+ D-' on F.Silkscreen
[silk_overlap]: Silkscreen clearance
    Rule: board setup constraints silk; warning
    @(86.0600 mm, 184.1400 mm): Segment of J3 on F.Silkscreen
    @(75.1514 mm, 184.2889 mm): PCB text '+B VCC CMD GND D+ D-' on F.Silkscreen
[silk_overlap]: Silkscreen clearance
    Rule: board setup constraints silk; warning
    @(86.1600 mm, 183.6400 mm): Segment of J3 on F.Silkscreen
    @(75.1514 mm, 184.2889 mm): PCB text '+B VCC CMD GND D+ D-' on F.Silkscreen
[silk_overlap]: Silkscreen clearance
    Rule: board setup constraints silk; warning
    @(75.1514 mm, 184.2889 mm): PCB text '+B VCC CMD GND D+ D-' on F.Silkscreen
    @(86.2600 mm, 183.6400 mm): Segment of J3 on F.Silkscreen
[silk_overlap]: Silkscreen clearance
    Rule: board setup constraints silk; warning
    @(86.2600 mm, 184.1400 mm): Segment of J3 on F.Silkscreen
    @(75.1514 mm, 184.2889 mm): PCB text '+B VCC CMD GND D+ D-' on F.Silkscreen
[silk_overlap]: Silkscreen clearance
    Rule: board setup constraints silk; warning
    @(75.1514 mm, 184.2889 mm): PCB text '+B VCC CMD GND D+ D-' on F.Silkscreen
    @(88.6100 mm, 187.1400 mm): Segment of J3 on F.Silkscreen
[silk_overlap]: Silkscreen clearance
    Rule: board setup constraints silk; warning
    @(136.1314 mm, 156.7689 mm): PCB text '+B VCC CMD GND D+ D-' on F.Silkscreen
    @(147.7300 mm, 156.4400 mm): Segment of J10 on F.Silkscreen
[silk_overlap]: Silkscreen clearance
    Rule: board setup constraints silk; warning
    @(136.1314 mm, 156.7689 mm): PCB text '+B VCC CMD GND D+ D-' on F.Silkscreen
    @(147.7300 mm, 155.8300 mm): Segment of J10 on F.Silkscreen
[silk_overlap]: Silkscreen clearance
    Rule: board setup constraints silk; warning
    @(136.1314 mm, 156.7689 mm): PCB text '+B VCC CMD GND D+ D-' on F.Silkscreen
    @(149.6800 mm, 155.8300 mm): Segment of J10 on F.Silkscreen
[silk_overlap]: Silkscreen clearance
    Rule: board setup constraints silk; warning
    @(136.1314 mm, 156.7689 mm): PCB text '+B VCC CMD GND D+ D-' on F.Silkscreen
    @(136.7800 mm, 152.3300 mm): Segment of J10 on F.Silkscreen
[silk_overlap]: Silkscreen clearance
    Rule: board setup constraints silk; warning
    @(136.1314 mm, 156.7689 mm): PCB text '+B VCC CMD GND D+ D-' on F.Silkscreen
    @(136.7800 mm, 155.8300 mm): Segment of J10 on F.Silkscreen
[silk_overlap]: Silkscreen clearance
    Rule: board setup constraints silk; warning
    @(138.7300 mm, 155.8300 mm): Segment of J10 on F.Silkscreen
    @(136.1314 mm, 156.7689 mm): PCB text '+B VCC CMD GND D+ D-' on F.Silkscreen
[silk_overlap]: Silkscreen clearance
    Rule: board setup constraints silk; warning
    @(134.2263 mm, 139.0200 mm): Segment of C20 on F.Silkscreen
    @(133.3200 mm, 138.6100 mm): Reference field of C20
[silk_overlap]: Silkscreen clearance
    Rule: board setup constraints silk; warning
    @(115.4750 mm, 137.9875 mm): Reference field of C4
    @(115.1000 mm, 139.0925 mm): Segment of U2 on F.Silkscreen
[silk_over_copper]: Silkscreen clipped by solder mask
    Local override; warning
    @(120.4500 mm, 152.2000 mm): Reference field of C1
    @(120.1900 mm, 151.1275 mm): Pad 1 [VBUS] of C1 on F.Cu
[silk_over_copper]: Silkscreen clipped by solder mask
    Local override; warning
    @(129.3000 mm, 140.7300 mm): Reference field of R51
    @(130.7900 mm, 140.8625 mm): Pad 2 [GND] of C33 on F.Cu
[silk_over_copper]: Silkscreen clipped by solder mask
    Local override; warning
    @(115.4750 mm, 137.9875 mm): Reference field of C4
    @(116.4850 mm, 137.7325 mm): Pad 11 [GND] of U2 on F.Cu
[silk_over_copper]: Silkscreen clipped by solder mask
    Local override; warning
    @(115.4750 mm, 137.9875 mm): Reference field of C4
    @(115.4850 mm, 138.9450 mm): Pad 6 [SYS] of U2 on F.Cu
[nonmirrored_text_on_back_layer]: Non-Mirrored text on back layer
    Local override; warning
    @(87.2700 mm, 130.8300 mm): Footprint text of R2 (R2)
[nonmirrored_text_on_back_layer]: Non-Mirrored text on back layer
    Local override; warning
    @(87.2800 mm, 125.4100 mm): Footprint text of R1 (R1)

** Found 6 unconnected pads **
[unconnected_items]: Missing connection between items
    Local override; error
    @(116.6900 mm, 154.1700 mm): Zone [VBUS] on F.Cu and B.Cu, priority 11
    @(91.3828 mm, 137.1321 mm): Zone 'F VBUS_1' [VBUS] on F.Cu, priority 23
[unconnected_items]: Missing connection between items
    Local override; error
    @(80.8000 mm, 138.3000 mm): Zone [GND] on F.Cu, priority 25
    @(110.3000 mm, 125.3000 mm): Zone 'Inner GND' [GND] on In1.Cu and In2.Cu, priority 2
[unconnected_items]: Missing connection between items
    Local override; error
    @(110.4400 mm, 150.0900 mm): Zone '+BATT ESP' [+BATT] on F.Cu and B.Cu, priority 10
    @(72.8500 mm, 138.3000 mm): Zone 'F +BATT CONNECT' [+BATT] on F.Cu, priority 24
[unconnected_items]: Missing connection between items
    Local override; error
    @(138.8775 mm, 149.4150 mm): Track [USB_RAW_N] on F.Cu, length 0.8450 mm
    @(83.4800 mm, 133.5428 mm): Track [USB_RAW_N] on B.Cu, length 44.1500 mm
[unconnected_items]: Missing connection between items
    Local override; error
    @(141.1650 mm, 150.9822 mm): Track [USB_RAW_P] on F.Cu, length 0.6797 mm
    @(83.8800 mm, 133.3772 mm): Track [USB_RAW_P] on B.Cu, length 44.1500 mm
[unconnected_items]: Missing connection between items
    Local override; error
    @(142.2300 mm, 154.6300 mm): Track [BOOST_CMD] on B.Cu, length 1.1400 mm
    @(82.6700 mm, 147.9400 mm): Track [BOOST_CMD] on F.Cu, length 6.1235 mm

** Found 0 Footprint errors **

** Ignored checks **
    - Footprint has no courtyard defined
    - Track endpoint not centered on via
    - Tuning profile track geometries
    - Footprint doesn't match symbol's footprint filters
    - Footprint component type doesn't match footprint pads

** End of Report **
